Component: ARM Compiler 5.06 update 7 (build 960) Tool: armlink [4d3601]

==============================================================================

Section Cross References

    startup_stm32f407xx.o(STACK) refers (Special) to heapauxi.o(.text) for __use_two_region_memory
    startup_stm32f407xx.o(HEAP) refers (Special) to heapauxi.o(.text) for __use_two_region_memory
    startup_stm32f407xx.o(RESET) refers (Special) to heapauxi.o(.text) for __use_two_region_memory
    startup_stm32f407xx.o(RESET) refers to startup_stm32f407xx.o(STACK) for __initial_sp
    startup_stm32f407xx.o(RESET) refers to startup_stm32f407xx.o(.text) for Reset_Handler
    startup_stm32f407xx.o(RESET) refers to context_rvds.o(.text) for HardFault_Handler
    startup_stm32f407xx.o(RESET) refers to drv_common.o(i.SysTick_Handler) for SysTick_Handler
    startup_stm32f407xx.o(RESET) refers to drv_gpio.o(i.EXTI0_IRQHandler) for EXTI0_IRQHandler
    startup_stm32f407xx.o(RESET) refers to drv_gpio.o(i.EXTI1_IRQHandler) for EXTI1_IRQHandler
    startup_stm32f407xx.o(RESET) refers to drv_gpio.o(i.EXTI2_IRQHandler) for EXTI2_IRQHandler
    startup_stm32f407xx.o(RESET) refers to drv_gpio.o(i.EXTI3_IRQHandler) for EXTI3_IRQHandler
    startup_stm32f407xx.o(RESET) refers to drv_gpio.o(i.EXTI4_IRQHandler) for EXTI4_IRQHandler
    startup_stm32f407xx.o(RESET) refers to drv_gpio.o(i.EXTI9_5_IRQHandler) for EXTI9_5_IRQHandler
    startup_stm32f407xx.o(RESET) refers to drv_spi.o(i.SPI1_IRQHandler) for SPI1_IRQHandler
    startup_stm32f407xx.o(RESET) refers to drv_usart.o(i.USART1_IRQHandler) for USART1_IRQHandler
    startup_stm32f407xx.o(RESET) refers to drv_gpio.o(i.EXTI15_10_IRQHandler) for EXTI15_10_IRQHandler
    startup_stm32f407xx.o(RESET) refers to drv_spi.o(i.DMA2_Stream0_IRQHandler) for DMA2_Stream0_IRQHandler
    startup_stm32f407xx.o(RESET) refers to drv_spi.o(i.DMA2_Stream3_IRQHandler) for DMA2_Stream3_IRQHandler
    startup_stm32f407xx.o(.text) refers (Special) to heapauxi.o(.text) for __use_two_region_memory
    startup_stm32f407xx.o(.text) refers to system_stm32f4xx.o(i.SystemInit) for SystemInit
    startup_stm32f407xx.o(.text) refers to __main.o(!!!main) for __main
    startup_stm32f407xx.o(.text) refers to startup_stm32f407xx.o(HEAP) for Heap_Mem
    startup_stm32f407xx.o(.text) refers to startup_stm32f407xx.o(STACK) for Stack_Mem
    stm32f4xx_hal_msp.o(i.HAL_FSMC_MspDeInit) refers to stm32f4xx_hal_gpio.o(i.HAL_GPIO_DeInit) for HAL_GPIO_DeInit
    stm32f4xx_hal_msp.o(i.HAL_FSMC_MspDeInit) refers to stm32f4xx_hal_msp.o(.data) for FSMC_DeInitialized
    stm32f4xx_hal_msp.o(i.HAL_FSMC_MspInit) refers to rt_memclr_w.o(.text) for __aeabi_memclr4
    stm32f4xx_hal_msp.o(i.HAL_FSMC_MspInit) refers to stm32f4xx_hal_gpio.o(i.HAL_GPIO_Init) for HAL_GPIO_Init
    stm32f4xx_hal_msp.o(i.HAL_FSMC_MspInit) refers to stm32f4xx_hal_msp.o(.data) for FSMC_Initialized
    stm32f4xx_hal_msp.o(i.HAL_SPI_MspDeInit) refers to stm32f4xx_hal_gpio.o(i.HAL_GPIO_DeInit) for HAL_GPIO_DeInit
    stm32f4xx_hal_msp.o(i.HAL_SPI_MspDeInit) refers to stm32f4xx_hal_cortex.o(i.HAL_NVIC_DisableIRQ) for HAL_NVIC_DisableIRQ
    stm32f4xx_hal_msp.o(i.HAL_SPI_MspInit) refers to rt_memclr_w.o(.text) for __aeabi_memclr4
    stm32f4xx_hal_msp.o(i.HAL_SPI_MspInit) refers to stm32f4xx_hal_gpio.o(i.HAL_GPIO_Init) for HAL_GPIO_Init
    stm32f4xx_hal_msp.o(i.HAL_SPI_MspInit) refers to stm32f4xx_hal_cortex.o(i.HAL_NVIC_SetPriority) for HAL_NVIC_SetPriority
    stm32f4xx_hal_msp.o(i.HAL_SPI_MspInit) refers to stm32f4xx_hal_cortex.o(i.HAL_NVIC_EnableIRQ) for HAL_NVIC_EnableIRQ
    stm32f4xx_hal_msp.o(i.HAL_SRAM_MspDeInit) refers to stm32f4xx_hal_gpio.o(i.HAL_GPIO_DeInit) for HAL_GPIO_DeInit
    stm32f4xx_hal_msp.o(i.HAL_SRAM_MspDeInit) refers to stm32f4xx_hal_msp.o(i.HAL_FSMC_MspDeInit) for HAL_FSMC_MspDeInit
    stm32f4xx_hal_msp.o(i.HAL_SRAM_MspInit) refers to rt_memclr_w.o(.text) for __aeabi_memclr4
    stm32f4xx_hal_msp.o(i.HAL_SRAM_MspInit) refers to stm32f4xx_hal_gpio.o(i.HAL_GPIO_Init) for HAL_GPIO_Init
    stm32f4xx_hal_msp.o(i.HAL_SRAM_MspInit) refers to stm32f4xx_hal_msp.o(i.HAL_FSMC_MspInit) for HAL_FSMC_MspInit
    stm32f4xx_hal_msp.o(i.HAL_UART_MspDeInit) refers to stm32f4xx_hal_gpio.o(i.HAL_GPIO_DeInit) for HAL_GPIO_DeInit
    stm32f4xx_hal_msp.o(i.HAL_UART_MspDeInit) refers to stm32f4xx_hal_cortex.o(i.HAL_NVIC_DisableIRQ) for HAL_NVIC_DisableIRQ
    stm32f4xx_hal_msp.o(i.HAL_UART_MspInit) refers to rt_memclr_w.o(.text) for __aeabi_memclr4
    stm32f4xx_hal_msp.o(i.HAL_UART_MspInit) refers to stm32f4xx_hal_gpio.o(i.HAL_GPIO_Init) for HAL_GPIO_Init
    stm32f4xx_hal_msp.o(i.HAL_UART_MspInit) refers to stm32f4xx_hal_cortex.o(i.HAL_NVIC_SetPriority) for HAL_NVIC_SetPriority
    stm32f4xx_hal_msp.o(i.HAL_UART_MspInit) refers to stm32f4xx_hal_cortex.o(i.HAL_NVIC_EnableIRQ) for HAL_NVIC_EnableIRQ
    system_stm32f4xx.o(i.SystemCoreClockUpdate) refers to system_stm32f4xx.o(.data) for SystemCoreClock
[...]
    __fsym___cmd_list_device_desc            0x0801b1d5   Data          22  cmd.o(.rodata.name)
    __fsym_list_name                         0x0801b1eb   Data           5  cmd.o(.rodata.name)
    __fsym_list_desc                         0x0801b1f0   Data          26  cmd.o(.rodata.name)
    __fsym___cmd_help_name                   0x0801b20a   Data          11  msh.o(.rodata.name)
    __fsym___cmd_help_desc                   0x0801b215   Data          22  msh.o(.rodata.name)
    __fsym___cmd_ps_name                     0x0801b22b   Data           9  msh.o(.rodata.name)
    __fsym___cmd_ps_desc                     0x0801b234   Data          28  msh.o(.rodata.name)
    __fsym___cmd_free_name                   0x0801b250   Data          11  msh.o(.rodata.name)
    __fsym___cmd_free_desc                   0x0801b25b   Data          37  msh.o(.rodata.name)
    __fsym___cmd_qboot_name                  0x0801b280   Data          12  qboot.o(.rodata.name)
    __fsym___cmd_qboot_desc                  0x0801b28c   Data          31  qboot.o(.rodata.name)
    __rt_init_rti_start                      0x0801b2ac   Data           4  components.o(.rti_fn.0)
    __rt_init_rti_board_start                0x0801b2b0   Data           4  components.o(.rti_fn.0.end)
    __rt_init_rt_hw_spi_init                 0x0801b2b4   Data           4  drv_spi.o(.rti_fn.1)
    __rt_init_rti_board_end                  0x0801b2b8   Data           4  components.o(.rti_fn.1.end)
    __rt_init_drv_lcd_hw_init                0x0801b2bc   Data           4  drv_lcd.o(.rti_fn.3)
    __rt_init_rt_hw_spi_flash_init           0x0801b2c0   Data           4  spi_flash_init.o(.rti_fn.3)
    __rt_init_finsh_system_init              0x0801b2c4   Data           4  shell.o(.rti_fn.6)
    __rt_init_qbt_startup                    0x0801b2c8   Data           4  qboot.o(.rti_fn.6)
    __rt_init_rti_end                        0x0801b2cc   Data           4  components.o(.rti_fn.6.end)
    FSymTab$$Base                            0x0801b2d0   Number         0  drv_common.o(FSymTab)
    __fsym___cmd_reboot                      0x0801b2d0   Data          12  drv_common.o(FSymTab)
    __fsym_pinMode                           0x0801b2dc   Data          12  pin.o(FSymTab)
    __fsym_pinWrite                          0x0801b2e8   Data          12  pin.o(FSymTab)
    __fsym_pinRead                           0x0801b2f4   Data          12  pin.o(FSymTab)
    __fsym_pinGet                            0x0801b300   Data          12  pin.o(FSymTab)
    __fsym___cmd_sf                          0x0801b30c   Data          12  spi_flash_sfud.o(FSymTab)
    __fsym_list_mem                          0x0801b318   Data          12  mem.o(FSymTab)
    __fsym___cmd_fal                         0x0801b324   Data          12  fal_rtt.o(FSymTab)
    __fsym_hello                             0x0801b330   Data          12  cmd.o(FSymTab)
    __fsym_clear                             0x0801b33c   Data          12  cmd.o(FSymTab)
    __fsym___cmd_clear                       0x0801b348   Data          12  cmd.o(FSymTab)
    __fsym_version                           0x0801b354   Data          12  cmd.o(FSymTab)
    __fsym___cmd_version                     0x0801b360   Data          12  cmd.o(FSymTab)
    __fsym_list_thread                       0x0801b36c   Data          12  cmd.o(FSymTab)
    __fsym___cmd_list_thread                 0x0801b378   Data          12  cmd.o(FSymTab)
    __fsym_list_sem                          0x0801b384   Data          12  cmd.o(FSymTab)
    __fsym___cmd_list_sem                    0x0801b390   Data          12  cmd.o(FSymTab)
    __fsym_list_event                        0x0801b39c   Data          12  cmd.o(FSymTab)
    __fsym___cmd_list_event                  0x0801b3a8   Data          12  cmd.o(FSymTab)
    __fsym_list_mutex                        0x0801b3b4   Data          12  cmd.o(FSymTab)
    __fsym___cmd_list_mutex                  0x0801b3c0   Data          12  cmd.o(FSymTab)
    __fsym_list_mailbox                      0x0801b3cc   Data          12  cmd.o(FSymTab)
    __fsym___cmd_list_mailbox                0x0801b3d8   Data          12  cmd.o(FSymTab)
    __fsym_list_msgqueue                     0x0801b3e4   Data          12  cmd.o(FSymTab)
    __fsym___cmd_list_msgqueue               0x0801b3f0   Data          12  cmd.o(FSymTab)
    __fsym_list_mempool                      0x0801b3fc   Data          12  cmd.o(FSymTab)
    __fsym___cmd_list_mempool                0x0801b408   Data          12  cmd.o(FSymTab)
    __fsym_list_timer                        0x0801b414   Data          12  cmd.o(FSymTab)
    __fsym___cmd_list_timer                  0x0801b420   Data          12  cmd.o(FSymTab)
    __fsym_list_device                       0x0801b42c   Data          12  cmd.o(FSymTab)
    __fsym___cmd_list_device                 0x0801b438   Data          12  cmd.o(FSymTab)
    __fsym_list                              0x0801b444   Data          12  cmd.o(FSymTab)
    __fsym___cmd_help                        0x0801b450   Data          12  msh.o(FSymTab)
    __fsym___cmd_ps                          0x0801b45c   Data          12  msh.o(FSymTab)
    __fsym___cmd_free                        0x0801b468   Data          12  msh.o(FSymTab)
    __fsym___cmd_qboot                       0x0801b474   Data          12  qboot.o(FSymTab)
    FSymTab$$Limit                           0x0801b480   Number         0  qboot.o(FSymTab)
    Region$$Table$$Base                      0x0801b680   Number         0  anon$$obj.o(Region$$Table)
    Region$$Table$$Limit                     0x0801b6a0   Number         0  anon$$obj.o(Region$$Table)
    __ctype                                  0x0801b6ad   Data           0  lc_ctype_c.o(locale$$data)
    SystemCoreClock                          0x20000008   Data           4  system_stm32f4xx.o(.data)
    rt_interrupt_from_thread                 0x2000000c   Data           4  cpuport.o(.data)
    rt_interrupt_to_thread                   0x20000010   Data           4  cpuport.o(.data)
    rt_thread_switch_interrupt_flag          0x20000014   Data           4  cpuport.o(.data)
    uwTick                                   0x2000001c   Data           4  stm32f4xx_hal.o(.data)
    uwTickPrio                               0x20000020   Data           4  stm32f4xx_hal.o(.data)
    uwTickFreq                               0x20000024   Data           1  stm32f4xx_hal.o(.data)
    fsmc_lcd_ops                             0x20000130   Data          20  drv_lcd.o(.data)
    nor_flash0                               0x20000148   Data          56  fal_flash_sfud_port.o(.data)
    rt_interrupt_nest                        0x2000019c   Data           1  irq.o(.data)
    rt_assert_hook                           0x200001a8   Data           4  kservice.o(.data)
    rt_object_trytake_hook                   0x20000264   Data           4  object.o(.data)
    rt_object_take_hook                      0x20000268   Data           4  object.o(.data)
    rt_object_put_hook                       0x2000026c   Data           4  object.o(.data)
    rt_thread_ready_priority_group           0x20000270   Data           4  scheduler.o(.data)
    rt_current_thread                        0x20000278   Data           4  scheduler.o(.data)
    rt_current_priority                      0x2000027c   Data           1  scheduler.o(.data)
    rt_thread_defunct                        0x20000280   Data           8  scheduler.o(.data)
    _syscall_table_begin                     0x200002c4   Data           4  shell.o(.data)
    _syscall_table_end                       0x200002c8   Data           4  shell.o(.data)
    _sysvar_table_begin                      0x200002cc   Data           4  shell.o(.data)
    _sysvar_table_end                        0x200002d0   Data           4  shell.o(.data)
    shell                                    0x200002d4   Data           4  shell.o(.data)
    pFlash                                   0x200002e8   Data          32  stm32f4xx_hal_flash.o(.bss)
    lcddev                                   0x2000053c   Data          14  drv_lcd.o(.bss)
    hsram1                                   0x2000054c   Data          80  drv_lcd.o(.bss)
    rt_thread_priority_table                 0x20000cd8   Data         256  scheduler.o(.bss)
    __libspace_start                         0x200033e4   Data          96  libspace.o(.bss)
    __temporary_stack_top$libspace           0x20003444   Data           0  libspace.o(.bss)
    Image$$RW_IRAM1$$ZI$$Limit               0x20003a48   Number         0  anon$$obj.o ABSOLUTE



==============================================================================

Memory Map of the image

  Image Entry point : 0x08000189

  Load Region LR_IROM1 (Base: 0x08000000, Size: 0x0001ba98, Max: 0x00100000, ABSOLUTE, COMPRESSED[0x0001b868])

    Execution Region ER_IROM1 (Exec base: 0x08000000, Load base: 0x08000000, Size: 0x0001b7b0, Max: 0x00100000, ABSOLUTE)

    Exec Addr    Load Addr    Size         Type   Attr      Idx    E Section Name        Object

    0x08000000   0x08000000   0x00000188   Data   RO            3    RESET               startup_stm32f407xx.o
    0x08000188   0x08000188   0x00000008   Code   RO         8097  * !!!main             c_w.l(__main.o)
    0x08000190   0x08000190   0x00000034   Code   RO         8304    !!!scatter          c_w.l(__scatter.o)
    0x080001c4   0x080001c4   0x0000005a   Code   RO         8302    !!dczerorl2         c_w.l(__dczerorl2.o)
    0x0800021e   0x0800021e   0x00000002   PAD
    0x08000220   0x08000220   0x0000001c   Code   RO         8306    !!handler_zi        c_w.l(__scatter_zi.o)
    0x0800023c   0x0800023c   0x00000002   Code   RO         8173    .ARM.Collect$$libinit$$00000000  c_w.l(libinit.o)
    0x0800023e   0x0800023e   0x00000004   Code   RO         8174    .ARM.Collect$$libinit$$00000001  c_w.l(libinit2.o)
    0x08000242   0x08000242   0x00000000   Code   RO         8177    .ARM.Collect$$libinit$$00000004  c_w.l(libinit2.o)
    0x08000242   0x08000242   0x00000000   Code   RO         8180    .ARM.Collect$$libinit$$0000000A  c_w.l(libinit2.o)
    0x08000242   0x08000242   0x00000000   Code   RO         8182    .ARM.Collect$$libinit$$0000000C  c_w.l(libinit2.o)
    0x08000242   0x08000242   0x00000000   Code   RO         8184    .ARM.Collect$$libinit$$0000000E  c_w.l(libinit2.o)
    0x08000242   0x08000242   0x00000006   Code   RO         8185    .ARM.Collect$$libinit$$0000000F  c_w.l(libinit2.o)
    0x08000248   0x08000248   0x00000000   Code   RO         8187    .ARM.Collect$$libinit$$00000011  c_w.l(libinit2.o)
    0x08000248   0x08000248   0x0000000c   Code   RO         8188    .ARM.Collect$$libinit$$00000012  c_w.l(libinit2.o)
    0x08000254   0x08000254   0x00000000   Code   RO         8189    .ARM.Collect$$libinit$$00000013  c_w.l(libinit2.o)
    0x08000254   0x08000254   0x00000000   Code   RO         8191    .ARM.Collect$$libinit$$00000015  c_w.l(libinit2.o)
    0x08000254   0x08000254   0x00000000   Code   RO         8193    .ARM.Collect$$libinit$$00000017  c_w.l(libinit2.o)
    0x08000254   0x08000254   0x00000000   Code   RO         8195    .ARM.Collect$$libinit$$00000019  c_w.l(libinit2.o)
    0x08000254   0x08000254   0x00000000   Code   RO         8197    .ARM.Collect$$libinit$$0000001B  c_w.l(libinit2.o)
    0x08000254   0x08000254   0x00000000   Code   RO         8199    .ARM.Collect$$libinit$$0000001D  c_w.l(libinit2.o)
    0x08000254   0x08000254   0x00000000   Code   RO         8201    .ARM.Collect$$libinit$$0000001F  c_w.l(libinit2.o)
    0x08000254   0x08000254   0x00000000   Code   RO         8203    .ARM.Collect$$libinit$$00000021  c_w.l(libinit2.o)
    0x08000254   0x08000254   0x00000000   Code   RO         8205    .ARM.Collect$$libinit$$00000023  c_w.l(libinit2.o)
    0x08000254   0x08000254   0x00000000   Code   RO         8207    .ARM.Collect$$libinit$$00000025  c_w.l(libinit2.o)
    0x08000254   0x08000254   0x00000000   Code   RO         8211    .ARM.Collect$$libinit$$0000002C  c_w.l(libinit2.o)
    0x08000254   0x08000254   0x00000000   Code   RO         8213    .ARM.Collect$$libinit$$0000002E  c_w.l(libinit2.o)
    0x08000254   0x08000254   0x00000000   Code   RO         8215    .ARM.Collect$$libinit$$00000030  c_w.l(libinit2.o)
    0x08000254   0x08000254   0x00000000   Code   RO         8217    .ARM.Collect$$libinit$$00000032  c_w.l(libinit2.o)
    0x08000254   0x08000254   0x00000002   Code   RO         8218    .ARM.Collect$$libinit$$00000033  c_w.l(libinit2.o)
    0x08000256   0x08000256   0x00000002   Code   RO         8265    .ARM.Collect$$libshutdown$$00000000  c_w.l(libshutdown.o)
    0x08000258   0x08000258   0x00000000   Code   RO         8283    .ARM.Collect$$libshutdown$$00000002  c_w.l(libshutdown2.o)
    0x08000258   0x08000258   0x00000000   Code   RO         8285    .ARM.Collect$$libshutdown$$00000004  c_w.l(libshutdown2.o)
    0x08000258   0x08000258   0x00000000   Code   RO         8287    .ARM.Collect$$libshutdown$$00000006  c_w.l(libshutdown2.o)
    0x08000258   0x08000258   0x00000000   Code   RO         8290    .ARM.Collect$$libshutdown$$00000009  c_w.l(libshutdown2.o)
    0x08000258   0x08000258   0x00000000   Code   RO         8293    .ARM.Collect$$libshutdown$$0000000C  c_w.l(libshutdown2.o)
    0x08000258   0x08000258   0x00000000   Code   RO         8295    .ARM.Collect$$libshutdown$$0000000E  c_w.l(libshutdown2.o)
    0x08000258   0x08000258   0x00000000   Code   RO         8298    .ARM.Collect$$libshutdown$$00000011  c_w.l(libshutdown2.o)
    0x08000258   0x08000258   0x00000002   Code   RO         8299    .ARM.Collect$$libshutdown$$00000012  c_w.l(libshutdown2.o)
    0x0800025a   0x0800025a   0x00000000   Code   RO         8111    .ARM.Collect$$rtentry$$00000000  c_w.l(__rtentry.o)
    0x0800025a   0x0800025a   0x00000000   Code   RO         8134    .ARM.Collect$$rtentry$$00000002  c_w.l(__rtentry2.o)
    0x0800025a   0x0800025a   0x00000006   Code   RO         8146    .ARM.Collect$$rtentry$$00000004  c_w.l(__rtentry4.o)
    0x08000260   0x08000260   0x00000000   Code   RO         8136    .ARM.Collect$$rtentry$$00000009  c_w.l(__rtentry2.o)
    0x08000260   0x08000260   0x00000004   Code   RO         8137    .ARM.Collect$$rtentry$$0000000A  c_w.l(__rtentry2.o)
    0x08000264   0x08000264   0x00000000   Code   RO         8139    .ARM.Collect$$rtentry$$0000000C  c_w.l(__rtentry2.o)
    0x08000264   0x08000264   0x00000008   Code   RO         8140    .ARM.Collect$$rtentry$$0000000D  c_w.l(__rtentry2.o)
    0x0800026c   0x0800026c   0x00000002   Code   RO         8219    .ARM.Collect$$rtexit$$00000000  c_w.l(rtexit.o)
    0x0800026e   0x0800026e   0x00000000   Code   RO         8234    .ARM.Collect$$rtexit$$00000002  c_w.l(rtexit2.o)
    0x0800026e   0x0800026e   0x00000004   Code   RO         8235    .ARM.Collect$$rtexit$$00000003  c_w.l(rtexit2.o)
    0x08000272   0x08000272   0x00000006   Code   RO         8236    .ARM.Collect$$rtexit$$00000004  c_w.l(rtexit2.o)
    0x08000278   0x08000278   0x00000010   Code   RO          373    .emb_text           cpuport.o
    0x08000288   0x08000288   0x00000040   Code   RO            4    .text               startup_stm32f407xx.o
    0x080002c8   0x080002c8   0x00000134   Code   RO          369    .text               context_rvds.o
    0x080003fc   0x080003fc   0x000000ee   Code   RO         8065    .text               c_w.l(lludivv7m.o)
    0x080004ea   0x080004ea   0x00000070   Code   RO         8069    .text               c_w.l(strtol.o)
    0x0800055a   0x0800055a   0x00000058   Code   RO         8071    .text               c_w.l(memcmp.o)
    0x080005b2   0x080005b2   0x00000048   Code   RO         8073    .text               c_w.l(strcpy.o)
    0x080005fa   0x080005fa   0x0000003e   Code   RO         8075    .text               c_w.l(strlen.o)
    0x08000638   0x08000638   0x00000096   Code   RO         8077    .text               c_w.l(strncmp.o)
    0x080006ce   0x080006ce   0x00000018   Code   RO         8079    .text               c_w.l(strcat.o)
    0x080006e6   0x080006e6   0x0000008a   Code   RO         8081    .text               c_w.l(rt_memcpy_v6.o)
    0x08000770   0x08000770   0x00000064   Code   RO         8083    .text               c_w.l(rt_memcpy_w.o)
    0x080007d4   0x080007d4   0x00000010   Code   RO         8085    .text               c_w.l(aeabi_memset.o)
    0x080007e4   0x080007e4   0x00000044   Code   RO         8087    .text               c_w.l(rt_memclr.o)
    0x08000828   0x08000828   0x0000004e   Code   RO         8089    .text               c_w.l(rt_memclr_w.o)
    0x08000876   0x08000876   0x00000056   Code   RO         8091    .text               c_w.l(strncpy.o)
    0x080008cc   0x080008cc   0x00000080   Code   RO         8093    .text               c_w.l(strcmpv7m.o)
    0x0800094c   0x0800094c   0x00000006   Code   RO         8095    .text               c_w.l(heapauxi.o)
    0x08000952   0x08000952   0x00000002   PAD
    0x08000954   0x08000954   0x00000010   Code   RO         8112    .text               c_w.l(rt_ctype_table.o)
    0x08000964   0x08000964   0x00000008   Code   RO         8121    .text               c_w.l(rt_errno_addr_intlibspace.o)
    0x0800096c   0x0800096c   0x0000009e   Code   RO         8123    .text               c_w.l(_strtoul.o)
    0x08000a0a   0x08000a0a   0x00000002   PAD
    0x08000a0c   0x08000a0c   0x00000008   Code   RO         8130    .text               c_w.l(libspace.o)
    0x08000a14   0x08000a14   0x00000008   Code   RO         8153    .text               c_w.l(rt_locale_intlibspace.o)
    0x08000a1c   0x08000a1c   0x0000001c   Code   RO         8155    .text               c_w.l(_chval.o)
    0x08000a38   0x08000a38   0x0000004a   Code   RO         8160    .text               c_w.l(sys_stackheap_outer.o)
    0x08000a82   0x08000a82   0x00000012   Code   RO         8162    .text               c_w.l(exit.o)
    0x08000a94   0x08000a94   0x0000000c   Code   RO         8231    .text               c_w.l(sys_exit.o)
    0x08000aa0   0x08000aa0   0x00000002   Code   RO         8252    .text               c_w.l(use_no_semi.o)
    0x08000aa2   0x08000aa2   0x00000000   Code   RO         8254    .text               c_w.l(indicate_semi.o)
    0x08000aa2   0x08000aa2   0x0000000a   Code   RO         4601    i.$Sub$$main        components.o
    0x08000aac   0x08000aac   0x00000018   Code   RO         2904    i.DMA2_Stream0_IRQHandler  drv_spi.o
    0x08000ac4   0x08000ac4   0x00000018   Code   RO         2905    i.DMA2_Stream3_IRQHandler  drv_spi.o
    0x08000adc   0x08000adc   0x00000034   Code   RO          766    i.DMA_CalcBaseAndBitshift  stm32f4xx_hal_dma.o
    0x08000b10   0x08000b10   0x000000aa   Code   RO          767    i.DMA_CheckFifoParam  stm32f4xx_hal_dma.o
    0x08000bba   0x08000bba   0x0000002c   Code   RO          768    i.DMA_SetConfig     stm32f4xx_hal_dma.o
    0x08000be6   0x08000be6   0x00000012   Code   RO         2789    i.EXTI0_IRQHandler  drv_gpio.o
    0x08000bf8   0x08000bf8   0x0000003c   Code   RO         2790    i.EXTI15_10_IRQHandler  drv_gpio.o
    0x08000c34   0x08000c34   0x00000012   Code   RO         2791    i.EXTI1_IRQHandler  drv_gpio.o
    0x08000c46   0x08000c46   0x00000012   Code   RO         2792    i.EXTI2_IRQHandler  drv_gpio.o
    0x08000c58   0x08000c58   0x00000012   Code   RO         2793    i.EXTI3_IRQHandler  drv_gpio.o
    0x08000c6a   0x08000c6a   0x00000012   Code   RO         2794    i.EXTI4_IRQHandler  drv_gpio.o
    0x08000c7c   0x08000c7c   0x0000002e   Code   RO         2795    i.EXTI9_5_IRQHandler  drv_gpio.o
    0x08000caa   0x08000caa   0x00000002   PAD
    0x08000cac   0x08000cac   0x0000005c   Code   RO         1103    i.FLASH_Erase_Sector  stm32f4xx_hal_flash_ex.o
    0x08000d08   0x08000d08   0x00000078   Code   RO         1104    i.FLASH_FlushCaches  stm32f4xx_hal_flash_ex.o
    0x08000d80   0x08000d80   0x00000030   Code   RO         1105    i.FLASH_MassErase   stm32f4xx_hal_flash_ex.o
    0x08000db0   0x08000db0   0x00000024   Code   RO          985    i.FLASH_Program_Byte  stm32f4xx_hal_flash.o
    0x08000dd4   0x08000dd4   0x0000003c   Code   RO          986    i.FLASH_Program_DoubleWord  stm32f4xx_hal_flash.o
    0x08000e10   0x08000e10   0x00000028   Code   RO          987    i.FLASH_Program_HalfWord  stm32f4xx_hal_flash.o
    0x08000e38   0x08000e38   0x00000028   Code   RO          988    i.FLASH_Program_Word  stm32f4xx_hal_flash.o
    0x08000e60   0x08000e60   0x00000098   Code   RO          989    i.FLASH_SetErrorCode  stm32f4xx_hal_flash.o
    0x08000ef8   0x08000ef8   0x00000064   Code   RO          990    i.FLASH_WaitForLastOperation  stm32f4xx_hal_flash.o
    0x08000f5c   0x08000f5c   0x00000044   Code   RO         2490    i.FSMC_NORSRAM_Extended_Timing_Init  stm32f4xx_ll_fsmc.o
    0x08000fa0   0x08000fa0   0x00000078   Code   RO         2491    i.FSMC_NORSRAM_Init  stm32f4xx_ll_fsmc.o
    0x08001018   0x08001018   0x00000042   Code   RO         2492    i.FSMC_NORSRAM_Timing_Init  stm32f4xx_ll_fsmc.o
    0x0800105a   0x0800105a   0x00000002   PAD
    0x0800105c   0x0800105c   0x000000f0   Code   RO         3103    i.GetSector         drv_flash_f4.o
    0x0800114c   0x0800114c   0x00000028   Code   RO          770    i.HAL_DMA_Abort_IT  stm32f4xx_hal_dma.o
    0x08001174   0x08001174   0x00000240   Code   RO          774    i.HAL_DMA_IRQHandler  stm32f4xx_hal_dma.o
    0x080013b4   0x080013b4   0x000000ec   Code   RO          775    i.HAL_DMA_Init      stm32f4xx_hal_dma.o
    0x080014a0   0x080014a0   0x00000092   Code   RO          779    i.HAL_DMA_Start_IT  stm32f4xx_hal_dma.o
    0x08001532   0x08001532   0x00000002   PAD
    0x08001534   0x08001534   0x00000044   Code   RO          446    i.HAL_DeInit        stm32f4xx_hal.o
    0x08001578   0x08001578   0x000000ac   Code   RO         1115    i.HAL_FLASHEx_Erase  stm32f4xx_hal_flash_ex.o
    0x08001624   0x08001624   0x00000014   Code   RO          994    i.HAL_FLASH_Lock    stm32f4xx_hal_flash.o
    0x08001638   0x08001638   0x00000098   Code   RO          999    i.HAL_FLASH_Program  stm32f4xx_hal_flash.o
    0x080016d0   0x080016d0   0x00000034   Code   RO         1001    i.HAL_FLASH_Unlock  stm32f4xx_hal_flash.o
    0x08001704   0x08001704   0x000000d0   Code   RO           14    i.HAL_FSMC_MspInit  stm32f4xx_hal_msp.o
    0x080017d4   0x080017d4   0x00000168   Code   RO         1226    i.HAL_GPIO_DeInit   stm32f4xx_hal_gpio.o
    0x0800193c   0x0800193c   0x0000003c   Code   RO         2796    i.HAL_GPIO_EXTI_Callback  drv_gpio.o
    0x08001978   0x08001978   0x0000001c   Code   RO         1228    i.HAL_GPIO_EXTI_IRQHandler  stm32f4xx_hal_gpio.o
    0x08001994   0x08001994   0x000001f4   Code   RO         1229    i.HAL_GPIO_Init     stm32f4xx_hal_gpio.o
    0x08001b88   0x08001b88   0x00000010   Code   RO         1231    i.HAL_GPIO_ReadPin  stm32f4xx_hal_gpio.o
    0x08001b98   0x08001b98   0x0000000c   Code   RO         1233    i.HAL_GPIO_WritePin  stm32f4xx_hal_gpio.o
    0x08001ba4   0x08001ba4   0x00000008   Code   RO         2676    i.HAL_GetTick       drv_common.o
    0x08001bac   0x08001bac   0x00000018   Code   RO          459    i.HAL_IncTick       stm32f4xx_hal.o
    0x08001bc4   0x08001bc4   0x0000003c   Code   RO          460    i.HAL_Init          stm32f4xx_hal.o
    0x08001c00   0x08001c00   0x00000006   Code   RO         2677    i.HAL_InitTick      drv_common.o
    0x08001c06   0x08001c06   0x00000002   Code   RO          462    i.HAL_MspDeInit     stm32f4xx_hal.o
    0x08001c08   0x08001c08   0x00000048   Code   RO           15    i.HAL_MspInit       stm32f4xx_hal_msp.o
    0x08001c50   0x08001c50   0x00000024   Code   RO          629    i.HAL_NVIC_ClearPendingIRQ  stm32f4xx_hal_cortex.o
    0x08001c74   0x08001c74   0x00000044   Code   RO          630    i.HAL_NVIC_DisableIRQ  stm32f4xx_hal_cortex.o
    0x08001cb8   0x08001cb8   0x00000020   Code   RO          631    i.HAL_NVIC_EnableIRQ  stm32f4xx_hal_cortex.o
    0x08001cd8   0x08001cd8   0x0000007c   Code   RO          637    i.HAL_NVIC_SetPriority  stm32f4xx_hal_cortex.o
    0x08001d54   0x08001d54   0x00000028   Code   RO          638    i.HAL_NVIC_SetPriorityGrouping  stm32f4xx_hal_cortex.o
    0x08001d7c   0x08001d7c   0x000001a0   Code   RO         1572    i.HAL_RCCEx_PeriphCLKConfig  stm32f4xx_hal_rcc_ex.o
    0x08001f1c   0x08001f1c   0x00000184   Code   RO         1467    i.HAL_RCC_ClockConfig  stm32f4xx_hal_rcc.o
    0x080020a0   0x080020a0   0x00000180   Code   RO         1573    i.HAL_RCC_DeInit    stm32f4xx_hal_rcc_ex.o
    0x08002220   0x08002220   0x0000000c   Code   RO         1472    i.HAL_RCC_GetHCLKFreq  stm32f4xx_hal_rcc.o
    0x0800222c   0x0800222c   0x00000020   Code   RO         1474    i.HAL_RCC_GetPCLK1Freq  stm32f4xx_hal_rcc.o
    0x0800224c   0x0800224c   0x00000020   Code   RO         1475    i.HAL_RCC_GetPCLK2Freq  stm32f4xx_hal_rcc.o
    0x0800226c   0x0800226c   0x000000b0   Code   RO         1476    i.HAL_RCC_GetSysClockFreq  stm32f4xx_hal_rcc.o
    0x0800231c   0x0800231c   0x0000049c   Code   RO         1479    i.HAL_RCC_OscConfig  stm32f4xx_hal_rcc.o
    0x080027b8   0x080027b8   0x00000002   Code   RO         1629    i.HAL_SPI_ErrorCallback  stm32f4xx_hal_spi.o
    0x080027ba   0x080027ba   0x00000008   Code   RO         1631    i.HAL_SPI_GetState  stm32f4xx_hal_spi.o
    0x080027c2   0x080027c2   0x00000002   PAD
    0x080027c4   0x080027c4   0x0000015c   Code   RO         1632    i.HAL_SPI_IRQHandler  stm32f4xx_hal_spi.o
    0x08002920   0x08002920   0x000000c8   Code   RO         1633    i.HAL_SPI_Init      stm32f4xx_hal_spi.o
    0x080029e8   0x080029e8   0x00000098   Code   RO           17    i.HAL_SPI_MspInit   stm32f4xx_hal_msp.o
    0x08002a80   0x08002a80   0x00000170   Code   RO         1636    i.HAL_SPI_Receive   stm32f4xx_hal_spi.o
    0x08002bf0   0x08002bf0   0x0000011c   Code   RO         1637    i.HAL_SPI_Receive_DMA  stm32f4xx_hal_spi.o
    0x08002d0c   0x08002d0c   0x00000002   Code   RO         1639    i.HAL_SPI_RxCpltCallback  stm32f4xx_hal_spi.o
    0x08002d0e   0x08002d0e   0x00000002   Code   RO         1640    i.HAL_SPI_RxHalfCpltCallback  stm32f4xx_hal_spi.o
    0x08002d10   0x08002d10   0x000001ae   Code   RO         1641    i.HAL_SPI_Transmit  stm32f4xx_hal_spi.o
    0x08002ebe   0x08002ebe   0x0000022a   Code   RO         1642    i.HAL_SPI_TransmitReceive  stm32f4xx_hal_spi.o
    0x080030e8   0x080030e8   0x0000016c   Code   RO         1643    i.HAL_SPI_TransmitReceive_DMA  stm32f4xx_hal_spi.o
    0x08003254   0x08003254   0x000000fc   Code   RO         1645    i.HAL_SPI_Transmit_DMA  stm32f4xx_hal_spi.o
    0x08003350   0x08003350   0x00000002   Code   RO         1647    i.HAL_SPI_TxCpltCallback  stm32f4xx_hal_spi.o
    0x08003352   0x08003352   0x00000002   Code   RO         1648    i.HAL_SPI_TxHalfCpltCallback  stm32f4xx_hal_spi.o
    0x08003354   0x08003354   0x00000002   Code   RO         1649    i.HAL_SPI_TxRxCpltCallback  stm32f4xx_hal_spi.o
    0x08003356   0x08003356   0x00000002   Code   RO         1650    i.HAL_SPI_TxRxHalfCpltCallback  stm32f4xx_hal_spi.o
    0x08003358   0x08003358   0x0000005e   Code   RO         1948    i.HAL_SRAM_Init     stm32f4xx_hal_sram.o
    0x080033b6   0x080033b6   0x00000002   PAD
    0x080033b8   0x080033b8   0x000000c4   Code   RO           19    i.HAL_SRAM_MspInit  stm32f4xx_hal_msp.o
    0x0800347c   0x0800347c   0x00000028   Code   RO          640    i.HAL_SYSTICK_CLKSourceConfig  stm32f4xx_hal_cortex.o
    0x080034a4   0x080034a4   0x00000034   Code   RO          642    i.HAL_SYSTICK_Config  stm32f4xx_hal_cortex.o
    0x080034d8   0x080034d8   0x0000003c   Code   RO         2139    i.HAL_UART_DeInit   stm32f4xx_hal_uart.o
    0x08003514   0x08003514   0x00000002   Code   RO         2140    i.HAL_UART_ErrorCallback  stm32f4xx_hal_uart.o
    0x08003516   0x08003516   0x00000072   Code   RO         2144    i.HAL_UART_Init     stm32f4xx_hal_uart.o
    0x08003588   0x08003588   0x00000038   Code   RO           20    i.HAL_UART_MspDeInit  stm32f4xx_hal_msp.o
    0x080035c0   0x080035c0   0x00000098   Code   RO           21    i.HAL_UART_MspInit  stm32f4xx_hal_msp.o
    0x08003658   0x08003658   0x000000ac   Code   RO         2153    i.HAL_UART_Transmit_DMA  stm32f4xx_hal_uart.o
    0x08003704   0x08003704   0x00000002   Code   RO         2155    i.HAL_UART_TxCpltCallback  stm32f4xx_hal_uart.o
    0x08003706   0x08003706   0x00000002   Code   RO         2156    i.HAL_UART_TxHalfCpltCallback  stm32f4xx_hal_uart.o
    0x08003708   0x08003708   0x00000038   Code   RO         3206    i.LCD_BlitLine      drv_lcd.o
    0x08003740   0x08003740   0x00000034   Code   RO         3207    i.LCD_Clear         drv_lcd.o
    0x08003774   0x08003774   0x00000160   Code   RO         3210    i.LCD_Display_Dir   drv_lcd.o
    0x080038d4   0x080038d4   0x0000011c   Code   RO         3211    i.LCD_Fast_DrawPoint  drv_lcd.o
    0x080039f0   0x080039f0   0x0000003c   Code   RO         3212    i.LCD_HLine         drv_lcd.o
    0x08003a2c   0x08003a2c   0x0000000c   Code   RO         3213    i.LCD_RD_DATA       drv_lcd.o
    0x08003a38   0x08003a38   0x000000bc   Code   RO         3214    i.LCD_ReadPoint     drv_lcd.o
    0x08003af4   0x08003af4   0x00000060   Code   RO         3216    i.LCD_SSD_BackLightSet  drv_lcd.o
    0x08003b54   0x08003b54   0x00000274   Code   RO         3217    i.LCD_Scan_Dir      drv_lcd.o
    0x08003dc8   0x08003dc8   0x00000138   Code   RO         3218    i.LCD_SetCursor     drv_lcd.o
    0x08003f00   0x08003f00   0x0000000c   Code   RO         3219    i.LCD_WR_DATA       drv_lcd.o
    0x08003f0c   0x08003f0c   0x0000000c   Code   RO         3220    i.LCD_WR_REG        drv_lcd.o
    0x08003f18   0x08003f18   0x00000014   Code   RO         3222    i.LCD_WriteRAM_Prepare  drv_lcd.o
    0x08003f2c   0x08003f2c   0x00000014   Code   RO         3223    i.LCD_WriteReg      drv_lcd.o
    0x08003f40   0x08003f40   0x00000018   Code   RO         2906    i.SPI1_IRQHandler   drv_spi.o
    0x08003f58   0x08003f58   0x00000014   Code   RO         1660    i.SPI_DMAAbortOnError  stm32f4xx_hal_spi.o
    0x08003f6c   0x08003f6c   0x00000028   Code   RO         1661    i.SPI_DMAError      stm32f4xx_hal_spi.o
    0x08003f94   0x08003f94   0x0000000e   Code   RO         1662    i.SPI_DMAHalfReceiveCplt  stm32f4xx_hal_spi.o
    0x08003fa2   0x08003fa2   0x0000000e   Code   RO         1663    i.SPI_DMAHalfTransmitCplt  stm32f4xx_hal_spi.o
    0x08003fb0   0x08003fb0   0x0000000e   Code   RO         1664    i.SPI_DMAHalfTransmitReceiveCplt  stm32f4xx_hal_spi.o
    0x08003fbe   0x08003fbe   0x0000007c   Code   RO         1665    i.SPI_DMAReceiveCplt  stm32f4xx_hal_spi.o
    0x0800403a   0x0800403a   0x00000080   Code   RO         1667    i.SPI_DMATransmitCplt  stm32f4xx_hal_spi.o
    0x080040ba   0x080040ba   0x00000068   Code   RO         1668    i.SPI_DMATransmitReceiveCplt  stm32f4xx_hal_spi.o
    0x08004122   0x08004122   0x00000094   Code   RO         1670    i.SPI_EndRxTransaction  stm32f4xx_hal_spi.o
    0x080041b6   0x080041b6   0x00000002   PAD
    0x080041b8   0x080041b8   0x0000006c   Code   RO         1671    i.SPI_EndRxTxTransaction  stm32f4xx_hal_spi.o
    0x08004224   0x08004224   0x000000d8   Code   RO         1676    i.SPI_WaitFlagStateUntilTimeout  stm32f4xx_hal_spi.o
    0x080042fc   0x080042fc   0x00000014   Code   RO         2680    i.SysTick_Handler   drv_common.o
    0x08004310   0x08004310   0x000000f8   Code   RO         2608    i.SystemClock_Config  board.o
    0x08004408   0x08004408   0x00000014   Code   RO          296    i.SystemInit        system_stm32f4xx.o
    0x0800441c   0x0800441c   0x00000050   Code   RO         2158    i.UART_DMAError     stm32f4xx_hal_uart.o
    0x0800446c   0x0800446c   0x00000058   Code   RO         2163    i.UART_DMATransmitCplt  stm32f4xx_hal_uart.o
    0x080044c4   0x080044c4   0x0000000e   Code   RO         2165    i.UART_DMATxHalfCplt  stm32f4xx_hal_uart.o
    0x080044d2   0x080044d2   0x0000006c   Code   RO         2167    i.UART_EndRxTransfer  stm32f4xx_hal_uart.o
    0x0800453e   0x0800453e   0x00000026   Code   RO         2169    i.UART_EndTxTransfer  stm32f4xx_hal_uart.o
    0x08004564   0x08004564   0x0000022c   Code   RO         2171    i.UART_SetConfig    stm32f4xx_hal_uart.o
    0x08004790   0x08004790   0x00000018   Code   RO         3029    i.USART1_IRQHandler  drv_usart.o
    0x080047a8   0x080047a8   0x00000004   Code   RO         2681    i._Error_Handler    drv_common.o
    0x080047ac   0x080047ac   0x00000010   Code   RO          644    i.__NVIC_GetPriorityGrouping  stm32f4xx_hal_cortex.o
    0x080047bc   0x080047bc   0x00000028   Code   RO          645    i.__NVIC_SetPriority  stm32f4xx_hal_cortex.o
    0x080047e4   0x080047e4   0x00000028   Code   RO         5592    i._get_highest_priority_thread  scheduler.o
    0x0800480c   0x0800480c   0x00000098   Code   RO         7557    i._msh_exec_cmd     msh.o
    0x080048a4   0x080048a4   0x00000048   Code   RO         3996    i._pin_control      pin.o
    0x080048ec   0x080048ec   0x00000054   Code   RO         3997    i._pin_read         pin.o
    0x08004940   0x08004940   0x00000054   Code   RO         3998    i._pin_write        pin.o
    0x08004994   0x08004994   0x000000c4   Code   RO         5593    i._rt_scheduler_stack_check  scheduler.o
    0x08004a58   0x08004a58   0x000000d0   Code   RO         5694    i._rt_thread_init   thread.o
    0x08004b28   0x08004b28   0x00000042   Code   RO         5848    i._rt_timer_init    timer.o
    0x08004b6a   0x08004b6a   0x0000001c   Code   RO         5849    i._rt_timer_remove  timer.o
    0x08004b86   0x08004b86   0x00000002   PAD
    0x08004b88   0x08004b88   0x00000048   Code   RO         4071    i._serial_check_buffer_size  serial.o
    0x08004bd0   0x08004bd0   0x000000b8   Code   RO         4072    i._serial_int_rx    serial.o
    0x08004c88   0x08004c88   0x00000098   Code   RO         4073    i._serial_int_tx    serial.o
    0x08004d20   0x08004d20   0x00000064   Code   RO         4074    i._serial_poll_rx   serial.o
    0x08004d84   0x08004d84   0x00000054   Code   RO         4075    i._serial_poll_tx   serial.o
    0x08004dd8   0x08004dd8   0x00000014   Code   RO         4229    i._spi_bus_device_control  spi_dev.o
    0x08004dec   0x08004dec   0x00000064   Code   RO         4230    i._spi_bus_device_read  spi_dev.o
    0x08004e50   0x08004e50   0x00000064   Code   RO         4231    i._spi_bus_device_write  spi_dev.o
    0x08004eb4   0x08004eb4   0x00000014   Code   RO         4232    i._spidev_device_control  spi_dev.o
    0x08004ec8   0x08004ec8   0x00000068   Code   RO         4233    i._spidev_device_read  spi_dev.o
    0x08004f30   0x08004f30   0x00000068   Code   RO         4234    i._spidev_device_write  spi_dev.o
    0x08004f98   0x08004f98   0x0000001c   Code   RO         5695    i._thread_cleanup_execute  thread.o
    0x08004fb4   0x08004fb4   0x000001b8   Code   RO         4373    i.aai_write         sfud.o
    0x0800516c   0x0800516c   0x0000001e   Code   RO         2797    i.bit2bitno         drv_gpio.o
    0x0800518a   0x0800518a   0x00000002   PAD
    0x0800518c   0x0800518c   0x000000fc   Code   RO          374    i.bus_fault_track   cpuport.o
    0x08005288   0x08005288   0x00000014   Code   RO         6626    i.clear             cmd.o
    0x0800529c   0x0800529c   0x0000000e   Code   RO         7558    i.cmd_free          msh.o
    0x080052aa   0x080052aa   0x0000000e   Code   RO         7559    i.cmd_ps            msh.o
    0x080052b8   0x080052b8   0x00000016   Code   RO         6036    i.crc32_cal         crc32.o
    0x080052ce   0x080052ce   0x00000002   PAD
    0x080052d0   0x080052d0   0x0000002c   Code   RO         6037    i.crc32_cyc_cal     crc32.o
    0x080052fc   0x080052fc   0x0000005c   Code   RO         3224    i.drv_lcd_control   drv_lcd.o
    0x08005358   0x08005358   0x00000050   Code   RO         3225    i.drv_lcd_hw_init   drv_lcd.o
    0x080053a8   0x080053a8   0x00002534   Code   RO         3226    i.drv_lcd_init      drv_lcd.o
    0x080078dc   0x080078dc   0x0000009c   Code   RO         3361    i.erase             fal_flash_sfud_port.o
    0x08007978   0x08007978   0x00000a28   Code   RO         6567    i.fal               fal_rtt.o
    0x080083a0   0x080083a0   0x0000008c   Code   RO         6451    i.fal_flash_device_find  fal_flash.o
    0x0800842c   0x0800842c   0x00000018   Code   RO         3104    i.fal_flash_erase_128k  drv_flash_f4.o
    0x08008444   0x08008444   0x00000018   Code   RO         3105    i.fal_flash_erase_16k  drv_flash_f4.o
    0x0800845c   0x0800845c   0x00000018   Code   RO         3106    i.fal_flash_erase_64k  drv_flash_f4.o
    0x08008474   0x08008474   0x00000158   Code   RO         6452    i.fal_flash_init    fal_flash.o
    0x080085cc   0x080085cc   0x0000001c   Code   RO         3107    i.fal_flash_read_128k  drv_flash_f4.o
    0x080085e8   0x080085e8   0x0000001c   Code   RO         3108    i.fal_flash_read_16k  drv_flash_f4.o
    0x08008604   0x08008604   0x0000001c   Code   RO         3109    i.fal_flash_read_64k  drv_flash_f4.o
    0x08008620   0x08008620   0x0000001c   Code   RO         3110    i.fal_flash_write_128k  drv_flash_f4.o
    0x0800863c   0x0800863c   0x0000001c   Code   RO         3111    i.fal_flash_write_16k  drv_flash_f4.o
    0x08008658   0x08008658   0x0000001c   Code   RO         3112    i.fal_flash_write_64k  drv_flash_f4.o
    0x08008674   0x08008674   0x00000124   Code   RO         6414    i.fal_init          fal.o
    0x08008798   0x08008798   0x0000000c   Code   RO         6415    i.fal_init_check    fal.o
    0x080087a4   0x080087a4   0x00000170   Code   RO         6486    i.fal_partition_erase  fal_partition.o
    0x08008914   0x08008914   0x00000080   Code   RO         6488    i.fal_partition_find  fal_partition.o
    0x08008994   0x08008994   0x00000140   Code   RO         6489    i.fal_partition_init  fal_partition.o
    0x08008ad4   0x08008ad4   0x00000188   Code   RO         6490    i.fal_partition_read  fal_partition.o
    0x08008c5c   0x08008c5c   0x0000018c   Code   RO         6491    i.fal_partition_write  fal_partition.o
    0x08008de8   0x08008de8   0x00000250   Code   RO         6493    i.fal_show_part_table  fal_partition.o
    0x08009038   0x08009038   0x00000050   Code   RO         6059    i.fast_read         quicklz.o
    0x08009088   0x08009088   0x00000074   Code   RO         7638    i.finsh_get_prompt  shell.o
    0x080090fc   0x080090fc   0x0000005c   Code   RO         7640    i.finsh_getchar     shell.o
    0x08009158   0x08009158   0x00000040   Code   RO         7641    i.finsh_rx_ind      shell.o
    0x08009198   0x08009198   0x000000dc   Code   RO         7642    i.finsh_set_device  shell.o
    0x08009274   0x08009274   0x00000044   Code   RO         7644    i.finsh_set_prompt  shell.o
    0x080092b8   0x080092b8   0x00000048   Code   RO         7645    i.finsh_set_prompt_mode  shell.o
    0x08009300   0x08009300   0x00000014   Code   RO         7646    i.finsh_system_function_init  shell.o
    0x08009314   0x08009314   0x0000009c   Code   RO         7647    i.finsh_system_init  shell.o
    0x080093b0   0x080093b0   0x00000504   Code   RO         7649    i.finsh_thread_entry  shell.o
    0x080098b4   0x080098b4   0x00000080   Code   RO          375    i.hard_fault_track  cpuport.o
    0x08009934   0x08009934   0x000002e4   Code   RO         4374    i.hardware_init     sfud.o
    0x08009c18   0x08009c18   0x00000020   Code   RO         6627    i.hello             cmd.o
    0x08009c38   0x08009c38   0x00000040   Code   RO         3362    i.init              fal_flash_sfud_port.o
    0x08009c78   0x08009c78   0x00000068   Code   RO         6628    i.list              cmd.o
    0x08009ce0   0x08009ce0   0x00000118   Code   RO         6629    i.list_device       cmd.o
    0x08009df8   0x08009df8   0x00000144   Code   RO         6630    i.list_event        cmd.o
    0x08009f3c   0x08009f3c   0x0000002a   Code   RO         6631    i.list_find_init    cmd.o
    0x08009f66   0x08009f66   0x00000088   Code   RO         6632    i.list_get_next     cmd.o
    0x08009fee   0x08009fee   0x00000002   PAD
    0x08009ff0   0x08009ff0   0x0000015c   Code   RO         6633    i.list_mailbox      cmd.o
    0x0800a14c   0x0800a14c   0x00000078   Code   RO         5330    i.list_mem          mem.o
    0x0800a1c4   0x0800a1c4   0x00000174   Code   RO         6634    i.list_mempool      cmd.o
    0x0800a338   0x0800a338   0x00000144   Code   RO         6635    i.list_msgqueue     cmd.o
    0x0800a47c   0x0800a47c   0x0000010c   Code   RO         6636    i.list_mutex        cmd.o
    0x0800a588   0x0800a588   0x00000138   Code   RO         6637    i.list_sem          cmd.o
    0x0800a6c0   0x0800a6c0   0x000001e4   Code   RO         6638    i.list_thread       cmd.o
    0x0800a8a4   0x0800a8a4   0x00000160   Code   RO         6639    i.list_timer        cmd.o
    0x0800aa04   0x0800aa04   0x00000038   Code   RO         2645    i.main              main.o
    0x0800aa3c   0x0800aa3c   0x0000000e   Code   RO         4602    i.main_thread_entry  components.o
    0x0800aa4a   0x0800aa4a   0x0000002c   Code   RO         4375    i.make_adress_byte_array  sfud.o
    0x0800aa76   0x0800aa76   0x00000002   PAD
    0x0800aa78   0x0800aa78   0x000000e8   Code   RO          376    i.mem_manage_fault_track  cpuport.o
    0x0800ab60   0x0800ab60   0x00000014   Code   RO         6062    i.memcpy_up         quicklz.o
    0x0800ab74   0x0800ab74   0x000000a0   Code   RO         7560    i.msh_auto_complete  msh.o
    0x0800ac14   0x0800ac14   0x0000006c   Code   RO         7561    i.msh_exec          msh.o
    0x0800ac80   0x0800ac80   0x0000005c   Code   RO         7562    i.msh_get_cmd       msh.o
    0x0800acdc   0x0800acdc   0x00000080   Code   RO         7563    i.msh_help          msh.o
    0x0800ad5c   0x0800ad5c   0x00000004   Code   RO         7564    i.msh_is_used       msh.o
    0x0800ad60   0x0800ad60   0x000000f0   Code   RO         7565    i.msh_split         msh.o
    0x0800ae50   0x0800ae50   0x0000001c   Code   RO         6640    i.object_split      cmd.o
    0x0800ae6c   0x0800ae6c   0x00000194   Code   RO         4376    i.page256_or_1_byte_write  sfud.o
    0x0800b000   0x0800b000   0x0000010c   Code   RO         5331    i.plug_holes        mem.o
    0x0800b10c   0x0800b10c   0x00000198   Code   RO         5133    i.print_number      kservice.o
    0x0800b2a4   0x0800b2a4   0x00000024   Code   RO         7989    i.qbt_aes_decrypt   qboot_aes.o
    0x0800b2c8   0x0800b2c8   0x0000006c   Code   RO         7990    i.qbt_aes_decrypt_init  qboot_aes.o
    0x0800b334   0x0800b334   0x000000c2   Code   RO         7762    i.qbt_app_crc_cal   qboot.o
    0x0800b3f6   0x0800b3f6   0x00000002   PAD
    0x0800b3f8   0x0800b3f8   0x0000024c   Code   RO         7763    i.qbt_app_crc_check  qboot.o
    0x0800b644   0x0800b644   0x0000016c   Code   RO         7764    i.qbt_app_resume_from  qboot.o
    0x0800b7b0   0x0800b7b0   0x00000030   Code   RO         7765    i.qbt_close_sys_shell  qboot.o
    0x0800b7e0   0x0800b7e0   0x000000fc   Code   RO         7766    i.qbt_dest_part_verify  qboot.o
    0x0800b8dc   0x0800b8dc   0x000000be   Code   RO         7767    i.qbt_dest_part_write  qboot.o
    0x0800b99a   0x0800b99a   0x00000038   Code   RO         7768    i.qbt_factory_key_check  qboot.o
    0x0800b9d2   0x0800b9d2   0x00000002   PAD
    0x0800b9d4   0x0800b9d4   0x0000020c   Code   RO         7769    i.qbt_fw_check      qboot.o
    0x0800bbe0   0x0800bbe0   0x0000018c   Code   RO         7770    i.qbt_fw_clone      qboot.o
    0x0800bd6c   0x0800bd6c   0x000000f4   Code   RO         7771    i.qbt_fw_crc_check  qboot.o
    0x0800be60   0x0800be60   0x0000001a   Code   RO         7772    i.qbt_fw_decompress_deinit  qboot.o
    0x0800be7a   0x0800be7a   0x00000020   Code   RO         7773    i.qbt_fw_decompress_init  qboot.o
    0x0800be9a   0x0800be9a   0x0000001e   Code   RO         7774    i.qbt_fw_decrypt_init  qboot.o
    0x0800beb8   0x0800beb8   0x000000cc   Code   RO         7775    i.qbt_fw_delete     qboot.o
    0x0800bf84   0x0800bf84   0x0000002c   Code   RO         7776    i.qbt_fw_info_check  qboot.o
    0x0800bfb0   0x0800bfb0   0x00000038   Code   RO         7777    i.qbt_fw_info_read  qboot.o
    0x0800bfe8   0x0800bfe8   0x00000350   Code   RO         7778    i.qbt_fw_info_show  qboot.o
    0x0800c338   0x0800c338   0x00000038   Code   RO         7779    i.qbt_fw_info_write  qboot.o
    0x0800c370   0x0800c370   0x00000060   Code   RO         7780    i.qbt_fw_pkg_read   qboot.o
    0x0800c3d0   0x0800c3d0   0x00000318   Code   RO         7781    i.qbt_fw_release    qboot.o
    0x0800c6e8   0x0800c6e8   0x00000154   Code   RO         7782    i.qbt_fw_update     qboot.o
    0x0800c83c   0x0800c83c   0x0000011c   Code   RO         7783    i.qbt_jump_to_app   qboot.o
    0x0800c958   0x0800c958   0x00000028   Code   RO         7784    i.qbt_open_sys_shell  qboot.o
    0x0800c980   0x0800c980   0x00000014   Code   RO         7785    i.qbt_part_is_exist  qboot.o
    0x0800c994   0x0800c994   0x00000018   Code   RO         8025    i.qbt_quicklz_decompress  qboot_quicklz.o
    0x0800c9ac   0x0800c9ac   0x00000016   Code   RO         8026    i.qbt_quicklz_get_block_size  qboot_quicklz.o
    0x0800c9c2   0x0800c9c2   0x00000002   PAD
    0x0800c9c4   0x0800c9c4   0x0000000c   Code   RO         8027    i.qbt_quicklz_state_init  qboot_quicklz.o
    0x0800c9d0   0x0800c9d0   0x00000114   Code   RO         7786    i.qbt_release_from_part  qboot.o
    0x0800cae4   0x0800cae4   0x0000009c   Code   RO         7787    i.qbt_release_sign_check  qboot.o
    0x0800cb80   0x0800cb80   0x00000098   Code   RO         7788    i.qbt_release_sign_write  qboot.o
    0x0800cc18   0x0800cc18   0x00000350   Code   RO         7789    i.qbt_shell_cmd     qboot.o
    0x0800cf68   0x0800cf68   0x00000184   Code   RO         7790    i.qbt_shell_init    qboot.o
    0x0800d0ec   0x0800d0ec   0x00000054   Code   RO         7791    i.qbt_shell_key_check  qboot.o
    0x0800d140   0x0800d140   0x00000018   Code   RO         7792    i.qbt_shell_rx_ind  qboot.o
    0x0800d158   0x0800d158   0x000000f0   Code   RO         7793    i.qbt_show_msg      qboot.o
    0x0800d248   0x0800d248   0x00000084   Code   RO         7794    i.qbt_startup       qboot.o
    0x0800d2cc   0x0800d2cc   0x000000b4   Code   RO         7795    i.qbt_startup_shell  qboot.o
    0x0800d380   0x0800d380   0x0000019c   Code   RO         7796    i.qbt_thread_entry  qboot.o
    0x0800d51c   0x0800d51c   0x00000056   Code   RO         6065    i.qlz_decompress    quicklz.o
    0x0800d572   0x0800d572   0x00000002   PAD
    0x0800d574   0x0800d574   0x00000160   Code   RO         6066    i.qlz_decompress_core  quicklz.o
    0x0800d6d4   0x0800d6d4   0x00000032   Code   RO         6068    i.qlz_size_compressed  quicklz.o
    0x0800d706   0x0800d706   0x00000034   Code   RO         6069    i.qlz_size_decompressed  quicklz.o
    0x0800d73a   0x0800d73a   0x00000018   Code   RO         6070    i.qlz_size_header   quicklz.o
    0x0800d752   0x0800d752   0x00000002   PAD
    0x0800d754   0x0800d754   0x00000098   Code   RO         3363    i.read              fal_flash_sfud_port.o
    0x0800d7ec   0x0800d7ec   0x00000108   Code   RO         4524    i.read_basic_header  sfud_sfdp.o
    0x0800d8f4   0x0800d8f4   0x0000031c   Code   RO         4525    i.read_basic_table  sfud_sfdp.o
    0x0800dc10   0x0800dc10   0x00000094   Code   RO         4377    i.read_jedec_id     sfud.o
    0x0800dca4   0x0800dca4   0x00000040   Code   RO         4526    i.read_sfdp_data    sfud_sfdp.o
    0x0800dce4   0x0800dce4   0x00000104   Code   RO         4527    i.read_sfdp_header  sfud_sfdp.o
    0x0800dde8   0x0800dde8   0x0000000c   Code   RO         2682    i.reboot            drv_common.o
    0x0800ddf4   0x0800ddf4   0x000000c8   Code   RO         4378    i.reset             sfud.o
    0x0800debc   0x0800debc   0x00000002   Code   RO         6072    i.reset_table_decompress  quicklz.o
    0x0800debe   0x0800debe   0x0000000a   Code   RO         4278    i.retry_delay_100us  spi_flash_sfud.o
    0x0800dec8   0x0800dec8   0x00000050   Code   RO         4603    i.rt_application_init  components.o
    0x0800df18   0x0800df18   0x00000074   Code   RO         5134    i.rt_assert_handler  kservice.o
    0x0800df8c   0x0800df8c   0x00000022   Code   RO         5332    i.rt_calloc         mem.o
    0x0800dfae   0x0800dfae   0x00000002   PAD
    0x0800dfb0   0x0800dfb0   0x00000068   Code   RO         3469    i.rt_completion_done  completion.o
    0x0800e018   0x0800e018   0x00000048   Code   RO         3470    i.rt_completion_init  completion.o
    0x0800e060   0x0800e060   0x00000140   Code   RO         3471    i.rt_completion_wait  completion.o
    0x0800e1a0   0x0800e1a0   0x0000001c   Code   RO         4604    i.rt_components_board_init  components.o
    0x0800e1bc   0x0800e1bc   0x0000001c   Code   RO         4605    i.rt_components_init  components.o
    0x0800e1d8   0x0800e1d8   0x0000000c   Code   RO         5136    i.rt_console_get_device  kservice.o
    0x0800e1e4   0x0800e1e4   0x0000003c   Code   RO         5137    i.rt_console_set_device  kservice.o
    0x0800e220   0x0800e220   0x000000ac   Code   RO         4676    i.rt_device_close   device.o
    0x0800e2cc   0x0800e2cc   0x0000000e   Code   RO         4680    i.rt_device_find    device.o
    0x0800e2da   0x0800e2da   0x00000002   PAD
    0x0800e2dc   0x0800e2dc   0x00000148   Code   RO         4683    i.rt_device_open    device.o
    0x0800e424   0x0800e424   0x00000048   Code   RO         3999    i.rt_device_pin_register  pin.o
    0x0800e46c   0x0800e46c   0x000000b4   Code   RO         4684    i.rt_device_read    device.o
    0x0800e520   0x0800e520   0x00000034   Code   RO         4685    i.rt_device_register  device.o
    0x0800e554   0x0800e554   0x00000080   Code   RO         4686    i.rt_device_set_rx_indicate  device.o
    0x0800e5d4   0x0800e5d4   0x000000b8   Code   RO         4688    i.rt_device_unregister  device.o
    0x0800e68c   0x0800e68c   0x000000b4   Code   RO         4689    i.rt_device_write   device.o
    0x0800e740   0x0800e740   0x00000020   Code   RO         5595    i.rt_enter_critical  scheduler.o
    0x0800e760   0x0800e760   0x00000044   Code   RO         5596    i.rt_exit_critical  scheduler.o
    0x0800e7a4   0x0800e7a4   0x00000208   Code   RO         5333    i.rt_free           mem.o
    0x0800e9ac   0x0800e9ac   0x0000004c   Code   RO         2683    i.rt_hw_board_init  drv_common.o
    0x0800e9f8   0x0800e9f8   0x00000002   Code   RO         5140    i.rt_hw_console_output  kservice.o
    0x0800e9fa   0x0800e9fa   0x00000002   PAD
    0x0800e9fc   0x0800e9fc   0x00000010   Code   RO          377    i.rt_hw_cpu_reset   cpuport.o
    0x0800ea0c   0x0800ea0c   0x0000022c   Code   RO          380    i.rt_hw_hard_fault_exception  cpuport.o
    0x0800ec38   0x0800ec38   0x0000012c   Code   RO         2798    i.rt_hw_pin_init    drv_gpio.o
    0x0800ed64   0x0800ed64   0x000000f8   Code   RO         4076    i.rt_hw_serial_isr  serial.o
    0x0800ee5c   0x0800ee5c   0x00000080   Code   RO         4077    i.rt_hw_serial_register  serial.o
    0x0800eedc   0x0800eedc   0x00000278   Code   RO         2907    i.rt_hw_spi_bus_init  drv_spi.o
    0x0800f154   0x0800f154   0x0000016c   Code   RO         2908    i.rt_hw_spi_device_attach  drv_spi.o
    0x0800f2c0   0x0800f2c0   0x00000064   Code   RO         3428    i.rt_hw_spi_flash_init  spi_flash_init.o
    0x0800f324   0x0800f324   0x0000000c   Code   RO         2909    i.rt_hw_spi_init    drv_spi.o
    0x0800f330   0x0800f330   0x00000050   Code   RO          381    i.rt_hw_stack_init  cpuport.o
    0x0800f380   0x0800f380   0x00000048   Code   RO         2684    i.rt_hw_systick_init  drv_common.o
    0x0800f3c8   0x0800f3c8   0x000000cc   Code   RO         3030    i.rt_hw_usart_init  drv_usart.o
    0x0800f494   0x0800f494   0x00000038   Code   RO         5093    i.rt_interrupt_enter  irq.o
    0x0800f4cc   0x0800f4cc   0x0000001c   Code   RO         5095    i.rt_interrupt_get_nest  irq.o
    0x0800f4e8   0x0800f4e8   0x00000038   Code   RO         5096    i.rt_interrupt_leave  irq.o
    0x0800f520   0x0800f520   0x00000018   Code   RO         4822    i.rt_ipc_list_resume  ipc.o
    0x0800f538   0x0800f538   0x00000032   Code   RO         4823    i.rt_ipc_list_resume_all  ipc.o
    0x0800f56a   0x0800f56a   0x0000006e   Code   RO         4824    i.rt_ipc_list_suspend  ipc.o
    0x0800f5d8   0x0800f5d8   0x00000010   Code   RO         4825    i.rt_ipc_object_init  ipc.o
    0x0800f5e8   0x0800f5e8   0x00000068   Code   RO         5141    i.rt_kprintf        kservice.o
    0x0800f650   0x0800f650   0x00000006   Code   RO         4826    i.rt_list_init      ipc.o
    0x0800f656   0x0800f656   0x00000006   Code   RO         5597    i.rt_list_init      scheduler.o
    0x0800f65c   0x0800f65c   0x00000006   Code   RO         5850    i.rt_list_init      timer.o
    0x0800f662   0x0800f662   0x0000000e   Code   RO         5479    i.rt_list_insert_after  object.o
    0x0800f670   0x0800f670   0x0000000e   Code   RO         5696    i.rt_list_insert_after  thread.o
    0x0800f67e   0x0800f67e   0x0000000e   Code   RO         5851    i.rt_list_insert_after  timer.o
    0x0800f68c   0x0800f68c   0x0000000e   Code   RO         4827    i.rt_list_insert_before  ipc.o
    0x0800f69a   0x0800f69a   0x00000010   Code   RO         3472    i.rt_list_isempty   completion.o
    0x0800f6aa   0x0800f6aa   0x00000010   Code   RO         4828    i.rt_list_isempty   ipc.o
    0x0800f6ba   0x0800f6ba   0x00000010   Code   RO         5852    i.rt_list_isempty   timer.o
    0x0800f6ca   0x0800f6ca   0x00000010   Code   RO         6641    i.rt_list_isempty   cmd.o
    0x0800f6da   0x0800f6da   0x00000014   Code   RO         6642    i.rt_list_len       cmd.o
    0x0800f6ee   0x0800f6ee   0x00000012   Code   RO         5480    i.rt_list_remove    object.o
    0x0800f700   0x0800f700   0x00000012   Code   RO         5697    i.rt_list_remove    thread.o
    0x0800f712   0x0800f712   0x00000012   Code   RO         5853    i.rt_list_remove    timer.o
    0x0800f724   0x0800f724   0x000002bc   Code   RO         5335    i.rt_malloc         mem.o
    0x0800f9e0   0x0800f9e0   0x00000042   Code   RO         5146    i.rt_memmove        kservice.o
    0x0800fa22   0x0800fa22   0x00000048   Code   RO         5147    i.rt_memset         kservice.o
    0x0800fa6a   0x0800fa6a   0x00000002   PAD
    0x0800fa6c   0x0800fa6c   0x000000a0   Code   RO         4849    i.rt_mutex_detach   ipc.o
    0x0800fb0c   0x0800fb0c   0x00000054   Code   RO         4850    i.rt_mutex_init     ipc.o
    0x0800fb60   0x0800fb60   0x000001e0   Code   RO         4851    i.rt_mutex_release  ipc.o
    0x0800fd40   0x0800fd40   0x00000210   Code   RO         4852    i.rt_mutex_take     ipc.o
    0x0800ff50   0x0800ff50   0x000000ec   Code   RO         5481    i.rt_object_allocate  object.o
    0x0801003c   0x0801003c   0x000000a0   Code   RO         5483    i.rt_object_delete  object.o
    0x080100dc   0x080100dc   0x0000005c   Code   RO         5484    i.rt_object_detach  object.o
    0x08010138   0x08010138   0x000000ac   Code   RO         5486    i.rt_object_find    object.o
    0x080101e4   0x080101e4   0x00000028   Code   RO         5487    i.rt_object_get_information  object.o
    0x0801020c   0x0801020c   0x00000034   Code   RO         5490    i.rt_object_get_type  object.o
    0x08010240   0x08010240   0x000000bc   Code   RO         5491    i.rt_object_init    object.o
    0x080102fc   0x080102fc   0x0000003c   Code   RO         5492    i.rt_object_is_systemobject  object.o
    0x08010338   0x08010338   0x00000070   Code   RO         4002    i.rt_pin_get        pin.o
    0x080103a8   0x080103a8   0x00000048   Code   RO         4004    i.rt_pin_mode       pin.o
    0x080103f0   0x080103f0   0x00000044   Code   RO         4005    i.rt_pin_read       pin.o
    0x08010434   0x08010434   0x00000048   Code   RO         4006    i.rt_pin_write      pin.o
    0x0801047c   0x0801047c   0x00000144   Code   RO         5598    i.rt_schedule       scheduler.o
    0x080105c0   0x080105c0   0x0000009c   Code   RO         5599    i.rt_schedule_insert_thread  scheduler.o
    0x0801065c   0x0801065c   0x00000080   Code   RO         5600    i.rt_schedule_remove_thread  scheduler.o
    0x080106dc   0x080106dc   0x000000ac   Code   RO         4854    i.rt_sem_create     ipc.o
    0x08010788   0x08010788   0x0000006c   Code   RO         4857    i.rt_sem_init       ipc.o
    0x080107f4   0x080107f4   0x000000a8   Code   RO         4858    i.rt_sem_release    ipc.o
    0x0801089c   0x0801089c   0x000001a4   Code   RO         4859    i.rt_sem_take       ipc.o
    0x08010a40   0x08010a40   0x000000d4   Code   RO         4078    i.rt_serial_close   serial.o
    0x08010b14   0x08010b14   0x000000a4   Code   RO         4079    i.rt_serial_control  serial.o
    0x08010bb8   0x08010bb8   0x00000048   Code   RO         4080    i.rt_serial_init    serial.o
    0x08010c00   0x08010c00   0x00000194   Code   RO         4081    i.rt_serial_open    serial.o
    0x08010d94   0x08010d94   0x00000058   Code   RO         4082    i.rt_serial_read    serial.o
    0x08010dec   0x08010dec   0x00000058   Code   RO         4083    i.rt_serial_write   serial.o
    0x08010e44   0x08010e44   0x00000028   Code   RO         5148    i.rt_set_errno      kservice.o
    0x08010e6c   0x08010e6c   0x000000ac   Code   RO         4279    i.rt_sfud_control   spi_flash_sfud.o
    0x08010f18   0x08010f18   0x00000070   Code   RO         4280    i.rt_sfud_flash_delete  spi_flash_sfud.o
    0x08010f88   0x08010f88   0x000000b8   Code   RO         4282    i.rt_sfud_flash_find_by_dev_name  spi_flash_sfud.o
    0x08011040   0x08011040   0x00000020   Code   RO         4283    i.rt_sfud_flash_probe  spi_flash_sfud.o
    0x08011060   0x08011060   0x000002c4   Code   RO         4284    i.rt_sfud_flash_probe_ex  spi_flash_sfud.o
    0x08011324   0x08011324   0x0000007c   Code   RO         4285    i.rt_sfud_read      spi_flash_sfud.o
    0x080113a0   0x080113a0   0x0000007c   Code   RO         4286    i.rt_sfud_write     spi_flash_sfud.o
    0x0801141c   0x0801141c   0x000000b0   Code   RO         5149    i.rt_show_version   kservice.o
    0x080114cc   0x080114cc   0x0000004a   Code   RO         4147    i.rt_spi_bus_attach_device  spi_core.o
    0x08011516   0x08011516   0x00000002   PAD
    0x08011518   0x08011518   0x00000058   Code   RO         4235    i.rt_spi_bus_device_init  spi_dev.o
    0x08011570   0x08011570   0x00000038   Code   RO         4148    i.rt_spi_bus_register  spi_core.o
    0x080115a8   0x080115a8   0x00000074   Code   RO         4149    i.rt_spi_configure  spi_core.o
    0x0801161c   0x0801161c   0x00000120   Code   RO         4152    i.rt_spi_send_then_recv  spi_core.o
    0x0801173c   0x0801173c   0x000000f8   Code   RO         4156    i.rt_spi_transfer   spi_core.o
    0x08011834   0x08011834   0x00000058   Code   RO         4236    i.rt_spidev_device_init  spi_dev.o
    0x0801188c   0x0801188c   0x00000022   Code   RO         5151    i.rt_sprintf        kservice.o
    0x080118ae   0x080118ae   0x0000001c   Code   RO         5153    i.rt_strcmp         kservice.o
    0x080118ca   0x080118ca   0x00000012   Code   RO         5155    i.rt_strlen         kservice.o
    0x080118dc   0x080118dc   0x00000028   Code   RO         5156    i.rt_strncmp        kservice.o
    0x08011904   0x08011904   0x00000034   Code   RO         5157    i.rt_strncpy        kservice.o
    0x08011938   0x08011938   0x00000154   Code   RO         5339    i.rt_system_heap_init  mem.o
    0x08011a8c   0x08011a8c   0x00000040   Code   RO         5602    i.rt_system_scheduler_init  scheduler.o
    0x08011acc   0x08011acc   0x00000028   Code   RO         5603    i.rt_system_scheduler_start  scheduler.o
    0x08011af4   0x08011af4   0x0000001c   Code   RO         5854    i.rt_system_timer_init  timer.o
    0x08011b10   0x08011b10   0x00000002   Code   RO         5855    i.rt_system_timer_thread_init  timer.o
    0x08011b12   0x08011b12   0x00000002   PAD
    0x08011b14   0x08011b14   0x000000c8   Code   RO         5698    i.rt_thread_control  thread.o
    0x08011bdc   0x08011bdc   0x00000050   Code   RO         5699    i.rt_thread_create  thread.o
    0x08011c2c   0x08011c2c   0x0000000c   Code   RO         5700    i.rt_thread_delay   thread.o
    0x08011c38   0x08011c38   0x000000e8   Code   RO         5702    i.rt_thread_delete  thread.o
    0x08011d20   0x08011d20   0x000000ec   Code   RO         5703    i.rt_thread_detach  thread.o
    0x08011e0c   0x08011e0c   0x00000054   Code   RO         5704    i.rt_thread_exit    thread.o
    0x08011e60   0x08011e60   0x0000000e   Code   RO         5705    i.rt_thread_find    thread.o
    0x08011e6e   0x08011e6e   0x00000002   PAD
    0x08011e70   0x08011e70   0x00000028   Code   RO         4768    i.rt_thread_idle_entry  idle.o
    0x08011e98   0x08011e98   0x000000b8   Code   RO         4769    i.rt_thread_idle_excute  idle.o
    0x08011f50   0x08011f50   0x00000060   Code   RO         4771    i.rt_thread_idle_init  idle.o
    0x08011fb0   0x08011fb0   0x00000080   Code   RO         5706    i.rt_thread_init    thread.o
    0x08012030   0x08012030   0x00000014   Code   RO         5708    i.rt_thread_mdelay  thread.o
    0x08012044   0x08012044   0x0000009c   Code   RO         5709    i.rt_thread_resume  thread.o
    0x080120e0   0x080120e0   0x0000000c   Code   RO         5711    i.rt_thread_self    thread.o
    0x080120ec   0x080120ec   0x00000080   Code   RO         5712    i.rt_thread_sleep   thread.o
    0x0801216c   0x0801216c   0x000000c4   Code   RO         5713    i.rt_thread_startup  thread.o
    0x08012230   0x08012230   0x000000dc   Code   RO         5714    i.rt_thread_suspend  thread.o
    0x0801230c   0x0801230c   0x000000b4   Code   RO         5716    i.rt_thread_timeout  thread.o
    0x080123c0   0x080123c0   0x00000038   Code   RO         4563    i.rt_tick_from_millisecond  clock.o
    0x080123f8   0x080123f8   0x0000000c   Code   RO         4564    i.rt_tick_get       clock.o
    0x08012404   0x08012404   0x00000008   Code   RO         4565    i.rt_tick_get_millisecond  clock.o
    0x0801240c   0x0801240c   0x0000003c   Code   RO         4566    i.rt_tick_increase  clock.o
    0x08012448   0x08012448   0x000000e0   Code   RO         5856    i.rt_timer_check    timer.o
    0x08012528   0x08012528   0x000000dc   Code   RO         5857    i.rt_timer_control  timer.o
    0x08012604   0x08012604   0x000000dc   Code   RO         5860    i.rt_timer_detach   timer.o
    0x080126e0   0x080126e0   0x00000054   Code   RO         5863    i.rt_timer_init     timer.o
    0x08012734   0x08012734   0x000001b4   Code   RO         5866    i.rt_timer_start    timer.o
    0x080128e8   0x080128e8   0x000000c0   Code   RO         5867    i.rt_timer_stop     timer.o
    0x080129a8   0x080129a8   0x00000330   Code   RO         5160    i.rt_vsnprintf      kservice.o
    0x08012cd8   0x08012cd8   0x00000016   Code   RO         5161    i.rt_vsprintf       kservice.o
    0x08012cee   0x08012cee   0x00000004   Code   RO         4606    i.rti_board_end     components.o
    0x08012cf2   0x08012cf2   0x00000004   Code   RO         4607    i.rti_board_start   components.o
    0x08012cf6   0x08012cf6   0x00000004   Code   RO         4608    i.rti_end           components.o
    0x08012cfa   0x08012cfa   0x00000004   Code   RO         4609    i.rti_start         components.o
    0x08012cfe   0x08012cfe   0x0000002a   Code   RO         4610    i.rtthread_startup  components.o
    0x08012d28   0x08012d28   0x000000bc   Code   RO         4379    i.set_4_byte_address_mode  sfud.o
    0x08012de4   0x08012de4   0x000000e8   Code   RO         4380    i.set_write_enabled  sfud.o
    0x08012ecc   0x08012ecc   0x00000a38   Code   RO         4287    i.sf                spi_flash_sfud.o
    0x08013904   0x08013904   0x000000f0   Code   RO         4381    i.sfud_chip_erase   sfud.o
    0x080139f4   0x080139f4   0x000000c8   Code   RO         4382    i.sfud_device_init  sfud.o
    0x08013abc   0x08013abc   0x000001c4   Code   RO         4383    i.sfud_erase        sfud.o
    0x08013c80   0x08013c80   0x00000030   Code   RO         4384    i.sfud_erase_write  sfud.o
    0x08013cb0   0x08013cb0   0x000000d0   Code   RO         4389    i.sfud_read         sfud.o
    0x08013d80   0x08013d80   0x00000058   Code   RO         4528    i.sfud_read_sfdp    sfud_sfdp.o
    0x08013dd8   0x08013dd8   0x0000001e   Code   RO         4390    i.sfud_read_status  sfud.o
    0x08013df6   0x08013df6   0x00000056   Code   RO         4529    i.sfud_sfdp_get_suitable_eraser  sfud_sfdp.o
    0x08013e4c   0x08013e4c   0x0000004c   Code   RO         4288    i.sfud_spi_port_init  spi_flash_sfud.o
    0x08013e98   0x08013e98   0x0000004c   Code   RO         4391    i.sfud_write        sfud.o
    0x08013ee4   0x08013ee4   0x000000b8   Code   RO         4392    i.sfud_write_status  sfud.o
    0x08013f9c   0x08013f9c   0x00000038   Code   RO         7650    i.shell_auto_complete  shell.o
    0x08013fd4   0x08013fd4   0x00000030   Code   RO         7651    i.shell_handle_history  shell.o
    0x08014004   0x08014004   0x000000d8   Code   RO         7652    i.shell_push_history  shell.o
    0x080140dc   0x080140dc   0x00000030   Code   RO         6643    i.show_wait_queue   cmd.o
    0x0801410c   0x0801410c   0x00000026   Code   RO         5162    i.skip_atoi         kservice.o
    0x08014132   0x08014132   0x00000006   Code   RO         4393    i.software_init     sfud.o
    0x08014138   0x08014138   0x00000068   Code   RO         2910    i.spi_configure     drv_spi.o
    0x080141a0   0x080141a0   0x00000058   Code   RO         4289    i.spi_lock          spi_flash_sfud.o
    0x080141f8   0x080141f8   0x00000054   Code   RO         4290    i.spi_unlock        spi_flash_sfud.o
    0x0801424c   0x0801424c   0x000000ec   Code   RO         4291    i.spi_write_read    spi_flash_sfud.o
    0x08014338   0x08014338   0x00000288   Code   RO         2911    i.spixfer           drv_spi.o
    0x080145c0   0x080145c0   0x000000ec   Code   RO         3031    i.stm32_configure   drv_usart.o
    0x080146ac   0x080146ac   0x000000d4   Code   RO         3032    i.stm32_control     drv_usart.o
    0x08014780   0x08014780   0x00000078   Code   RO         3033    i.stm32_dma_transmit  drv_usart.o
    0x080147f8   0x080147f8   0x000000e8   Code   RO         3113    i.stm32_flash_erase  drv_flash_f4.o
    0x080148e0   0x080148e0   0x00000090   Code   RO         3114    i.stm32_flash_read  drv_flash_f4.o
    0x08014970   0x08014970   0x00000154   Code   RO         3115    i.stm32_flash_write  drv_flash_f4.o
    0x08014ac4   0x08014ac4   0x00000040   Code   RO         2912    i.stm32_get_dma_info  drv_spi.o
    0x08014b04   0x08014b04   0x00000048   Code   RO         3034    i.stm32_getc        drv_usart.o
    0x08014b4c   0x08014b4c   0x000000dc   Code   RO         2799    i.stm32_pin_attach_irq  drv_gpio.o
    0x08014c28   0x08014c28   0x00000090   Code   RO         2800    i.stm32_pin_dettach_irq  drv_gpio.o
    0x08014cb8   0x08014cb8   0x00000076   Code   RO         2801    i.stm32_pin_get     drv_gpio.o
    0x08014d2e   0x08014d2e   0x00000002   PAD
    0x08014d30   0x08014d30   0x000001c0   Code   RO         2802    i.stm32_pin_irq_enable  drv_gpio.o
    0x08014ef0   0x08014ef0   0x00000088   Code   RO         2803    i.stm32_pin_mode    drv_gpio.o
    0x08014f78   0x08014f78   0x0000003c   Code   RO         2804    i.stm32_pin_read    drv_gpio.o
    0x08014fb4   0x08014fb4   0x0000003c   Code   RO         2805    i.stm32_pin_write   drv_gpio.o
    0x08014ff0   0x08014ff0   0x0000004c   Code   RO         3035    i.stm32_putc        drv_usart.o
    0x0801503c   0x0801503c   0x000001e0   Code   RO         2913    i.stm32_spi_init    drv_spi.o
    0x0801521c   0x0801521c   0x00000010   Code   RO         3036    i.stm32_uart_get_dma_config  drv_usart.o
    0x0801522c   0x0801522c   0x00000020   Code   RO         7566    i.str_common        msh.o
    0x0801524c   0x0801524c   0x00000092   Code   RO         6145    i.tiny_aes_crypt_cbc  tiny_aes.o
    0x080152de   0x080152de   0x00000002   PAD
    0x080152e0   0x080152e0   0x00000a04   Code   RO         6147    i.tiny_aes_crypt_ecb  tiny_aes.o
    0x08015ce4   0x08015ce4   0x000000fc   Code   RO         6148    i.tiny_aes_setkey_dec  tiny_aes.o
    0x08015de0   0x08015de0   0x000001f8   Code   RO         6149    i.tiny_aes_setkey_enc  tiny_aes.o
    0x08015fd8   0x08015fd8   0x00000128   Code   RO         3037    i.uart_isr          drv_usart.o
    0x08016100   0x08016100   0x000000e8   Code   RO          382    i.usage_fault_track  cpuport.o
    0x080161e8   0x080161e8   0x0000000a   Code   RO         6644    i.version           cmd.o
    0x080161f2   0x080161f2   0x00000002   PAD
    0x080161f4   0x080161f4   0x0000009c   Code   RO         4394    i.wait_busy         sfud.o
    0x08016290   0x08016290   0x000000a0   Code   RO         3364    i.write             fal_flash_sfud_port.o
    0x08016330   0x08016330   0x0000002c   Code   RO         8158    locale$$code        c_w.l(lc_ctype_c.o)
    0x0801635c   0x0801635c   0x0000005a   Code   RO         8099    x$fpl$dfixu         fz_wm.l(dfixu.o)
    0x080163b6   0x080163b6   0x00000026   Code   RO         8103    x$fpl$dfltu         fz_wm.l(dflt_clz.o)
    0x080163dc   0x080163dc   0x00000154   Code   RO         8109    x$fpl$dmul          fz_wm.l(dmul.o)
    0x08016530   0x08016530   0x0000009c   Code   RO         8125    x$fpl$dnaninf       fz_wm.l(dnaninf.o)
    0x080165cc   0x080165cc   0x0000000c   Code   RO         8127    x$fpl$dretinf       fz_wm.l(dretinf.o)
    0x080165d8   0x080165d8   0x0000000a   Code   RO         8229    x$fpl$fpinit        fz_wm.l(fpinit.o)
    0x080165e2   0x080165e2   0x00000000   Code   RO         8129    x$fpl$usenofp       fz_wm.l(usenofp.o)
    0x080165e2   0x080165e2   0x00000018   Data   RO          297    .constdata          system_stm32f4xx.o
    0x080165fa   0x080165fa   0x00000008   Data   RO          781    .constdata          stm32f4xx_hal_dma.o
    0x08016602   0x08016602   0x00000002   PAD
    0x08016604   0x08016604   0x0000005c   Data   RO         2806    .constdata          drv_gpio.o
    0x08016660   0x08016660   0x00000058   Data   RO         2915    .constdata          drv_spi.o
    0x080166b8   0x080166b8   0x00000080   Data   RO         3039    .constdata          drv_usart.o
    0x08016738   0x08016738   0x000000a8   Data   RO         3116    .constdata          drv_flash_f4.o
    0x080167e0   0x080167e0   0x00000010   Data   RO         3228    .constdata          drv_lcd.o
    0x080167f0   0x080167f0   0x00000011   Data   RO         3365    .constdata          fal_flash_sfud_port.o
    0x08016801   0x08016801   0x00000039   Data   RO         3473    .constdata          completion.o
    0x0801683a   0x0801683a   0x00000088   Data   RO         4008    .constdata          pin.o
    0x080168c2   0x080168c2   0x000000c4   Data   RO         4084    .constdata          serial.o
    0x08016986   0x08016986   0x000000a3   Data   RO         4158    .constdata          spi_core.o
    0x08016a29   0x08016a29   0x00000081   Data   RO         4237    .constdata          spi_dev.o
    0x08016aaa   0x08016aaa   0x00000002   PAD
    0x08016aac   0x08016aac   0x000000b0   Data   RO         4292    .constdata          spi_flash_sfud.o
    0x08016b5c   0x08016b5c   0x00000248   Data   RO         4396    .constdata          sfud.o
    0x08016da4   0x08016da4   0x00000014   Data   RO         4611    .constdata          components.o
    0x08016db8   0x08016db8   0x000000ba   Data   RO         4690    .constdata          device.o
    0x08016e72   0x08016e72   0x00000016   Data   RO         4774    .constdata          idle.o
    0x08016e88   0x08016e88   0x000001fc   Data   RO         4861    .constdata          ipc.o
    0x08017084   0x08017084   0x00000022   Data   RO         5164    .constdata          kservice.o
    0x080170a6   0x080170a6   0x0000003c   Data   RO         5341    .constdata          mem.o
    0x080170e2   0x080170e2   0x00000080   Data   RO         5496    .constdata          object.o
    0x08017162   0x08017162   0x0000004e   Data   RO         5605    .constdata          scheduler.o
    0x080171b0   0x080171b0   0x000000c0   Data   RO         5718    .constdata          thread.o
    0x08017270   0x08017270   0x0000005c   Data   RO         5868    .constdata          timer.o
    0x080172cc   0x080172cc   0x00000400   Data   RO         6038    .constdata          crc32.o
    0x080176cc   0x080176cc   0x00000040   Data   RO         6073    .constdata          quicklz.o
    0x0801770c   0x0801770c   0x00002228   Data   RO         6150    .constdata          tiny_aes.o
    0x08019934   0x08019934   0x00000009   Data   RO         6416    .constdata          fal.o
    0x0801993d   0x0801993d   0x00000003   PAD
    0x08019940   0x08019940   0x00000035   Data   RO         6453    .constdata          fal_flash.o
    0x08019975   0x08019975   0x00000096   Data   RO         6494    .constdata          fal_partition.o
    0x08019a0b   0x08019a0b   0x00000001   PAD
    0x08019a0c   0x08019a0c   0x0000008c   Data   RO         6570    .constdata          fal_rtt.o
    0x08019a98   0x08019a98   0x0000005c   Data   RO         6645    .constdata          cmd.o
    0x08019af4   0x08019af4   0x0000000e   Data   RO         7567    .constdata          msh.o
    0x08019b02   0x08019b02   0x00000087   Data   RO         7654    .constdata          shell.o
    0x08019b89   0x08019b89   0x00000003   PAD
    0x08019b8c   0x08019b8c   0x00000024   Data   RO         7798    .constdata          qboot.o
    0x08019bb0   0x08019bb0   0x00000005   Data   RO         2916    .conststring        drv_spi.o
    0x08019bb5   0x08019bb5   0x00000003   PAD
    0x08019bb8   0x08019bb8   0x00000006   Data   RO         3040    .conststring        drv_usart.o
    0x08019bbe   0x08019bbe   0x00000002   PAD
    0x08019bc0   0x08019bc0   0x00000063   Data   RO         4085    .conststring        serial.o
    0x08019c23   0x08019c23   0x00000001   PAD
    0x08019c24   0x08019c24   0x00000305   Data   RO         4293    .conststring        spi_flash_sfud.o
    0x08019f29   0x08019f29   0x00000003   PAD
    0x08019f2c   0x08019f2c   0x0000014d   Data   RO         4397    .conststring        sfud.o
    0x0801a079   0x0801a079   0x00000003   PAD
    0x0801a07c   0x0801a07c   0x0000013f   Data   RO         4530    .conststring        sfud_sfdp.o
    0x0801a1bb   0x0801a1bb   0x00000001   PAD
    0x0801a1bc   0x0801a1bc   0x0000008b   Data   RO         4862    .conststring        ipc.o
    0x0801a247   0x0801a247   0x00000001   PAD
    0x0801a248   0x0801a248   0x000000eb   Data   RO         5342    .conststring        mem.o
    0x0801a333   0x0801a333   0x00000001   PAD
    0x0801a334   0x0801a334   0x00000042   Data   RO         5719    .conststring        thread.o
    0x0801a376   0x0801a376   0x00000002   PAD
    0x0801a378   0x0801a378   0x0000005b   Data   RO         6454    .conststring        fal_flash.o
    0x0801a3d3   0x0801a3d3   0x00000001   PAD
    0x0801a3d4   0x0801a3d4   0x00000132   Data   RO         6495    .conststring        fal_partition.o
    0x0801a506   0x0801a506   0x00000002   PAD
    0x0801a508   0x0801a508   0x000002a2   Data   RO         6571    .conststring        fal_rtt.o
    0x0801a7aa   0x0801a7aa   0x00000002   PAD
    0x0801a7ac   0x0801a7ac   0x00000189   Data   RO         6646    .conststring        cmd.o
    0x0801a935   0x0801a935   0x00000003   PAD
    0x0801a938   0x0801a938   0x0000043d   Data   RO         7799    .conststring        qboot.o
    0x0801ad75   0x0801ad75   0x0000001b   Data   RO         2686    .rodata.name        drv_common.o
    0x0801ad90   0x0801ad90   0x00000091   Data   RO         4009    .rodata.name        pin.o
    0x0801ae21   0x0801ae21   0x0000001c   Data   RO         4295    .rodata.name        spi_flash_sfud.o
    0x0801ae3d   0x0801ae3d   0x00000027   Data   RO         5344    .rodata.name        mem.o
    0x0801ae64   0x0801ae64   0x00000031   Data   RO         6573    .rodata.name        fal_rtt.o
    0x0801ae95   0x0801ae95   0x00000375   Data   RO         6647    .rodata.name        cmd.o
    0x0801b20a   0x0801b20a   0x00000076   Data   RO         7568    .rodata.name        msh.o
    0x0801b280   0x0801b280   0x0000002b   Data   RO         7801    .rodata.name        qboot.o
    0x0801b2ab   0x0801b2ab   0x00000001   PAD
    0x0801b2ac   0x0801b2ac   0x00000004   Data   RO         4612    .rti_fn.0           components.o
    0x0801b2b0   0x0801b2b0   0x00000004   Data   RO         4613    .rti_fn.0.end       components.o
    0x0801b2b4   0x0801b2b4   0x00000004   Data   RO         2918    .rti_fn.1           drv_spi.o
    0x0801b2b8   0x0801b2b8   0x00000004   Data   RO         4614    .rti_fn.1.end       components.o
    0x0801b2bc   0x0801b2bc   0x00000004   Data   RO         3230    .rti_fn.3           drv_lcd.o
    0x0801b2c0   0x0801b2c0   0x00000004   Data   RO         3429    .rti_fn.3           spi_flash_init.o
    0x0801b2c4   0x0801b2c4   0x00000004   Data   RO         7656    .rti_fn.6           shell.o
    0x0801b2c8   0x0801b2c8   0x00000004   Data   RO         7802    .rti_fn.6           qboot.o
    0x0801b2cc   0x0801b2cc   0x00000004   Data   RO         4615    .rti_fn.6.end       components.o
    0x0801b2d0   0x0801b2d0   0x0000000c   Data   RO         2687    FSymTab             drv_common.o
    0x0801b2dc   0x0801b2dc   0x00000030   Data   RO         4010    FSymTab             pin.o
    0x0801b30c   0x0801b30c   0x0000000c   Data   RO         4296    FSymTab             spi_flash_sfud.o
    0x0801b318   0x0801b318   0x0000000c   Data   RO         5345    FSymTab             mem.o
    0x0801b324   0x0801b324   0x0000000c   Data   RO         6574    FSymTab             fal_rtt.o
    0x0801b330   0x0801b330   0x00000120   Data   RO         6648    FSymTab             cmd.o
    0x0801b450   0x0801b450   0x00000024   Data   RO         7569    FSymTab             msh.o
    0x0801b474   0x0801b474   0x0000000c   Data   RO         7803    FSymTab             qboot.o
    0x0801b480   0x0801b480   0x00000200   Data   RO         6497    FalPartTable        fal_partition.o
    0x0801b680   0x0801b680   0x00000020   Data   RO         8300    Region$$Table       anon$$obj.o
    0x0801b6a0   0x0801b6a0   0x00000110   Data   RO         8157    locale$$data        c_w.l(lc_ctype_c.o)


    Execution Region RW_IRAM1 (Exec base: 0x20000000, Load base: 0x0801b7b0, Size: 0x00003a48, Max: 0x00020000, ABSOLUTE, COMPRESSED[0x000000b8])

    Exec Addr    Load Addr    Size         Type   Attr      Idx    E Section Name        Object

    0x20000000   COMPRESSED   0x00000008   Data   RW           22    .data               stm32f4xx_hal_msp.o
    0x20000008   COMPRESSED   0x00000004   Data   RW          298    .data               system_stm32f4xx.o
    0x2000000c   COMPRESSED   0x00000010   Data   RW          384    .data               cpuport.o
    0x2000001c   COMPRESSED   0x00000009   Data   RW          467    .data               stm32f4xx_hal.o
    0x20000025   COMPRESSED   0x00000003   PAD
    0x20000028   COMPRESSED   0x000000c4   Data   RW         2807    .data               drv_gpio.o
    0x200000ec   COMPRESSED   0x00000030   Data   RW         2917    .data               drv_spi.o
    0x2000011c   COMPRESSED   0x00000014   Data   RW         3041    .data               drv_usart.o
    0x20000130   COMPRESSED   0x00000014   Data   RW         3229    .data               drv_lcd.o
    0x20000144   COMPRESSED   0x0000003c   Data   RW         3366    .data               fal_flash_sfud_port.o
    0x20000180   COMPRESSED   0x00000004   Data   RW         4086    .data               serial.o
    0x20000184   COMPRESSED   0x0000000c   Data   RW         4294    .data               spi_flash_sfud.o
    0x20000190   COMPRESSED   0x00000004   Data   RW         4568    .data               clock.o
    0x20000194   COMPRESSED   0x00000009   Data   RW         5098    .data               irq.o
    0x2000019d   COMPRESSED   0x00000003   PAD
    0x200001a0   COMPRESSED   0x0000000c   Data   RW         5165    .data               kservice.o
    0x200001ac   COMPRESSED   0x00000020   Data   RW         5343    .data               mem.o
    0x200001cc   COMPRESSED   0x000000a4   Data   RW         5497    .data               object.o
    0x20000270   COMPRESSED   0x0000001c   Data   RW         5606    .data               scheduler.o
    0x2000028c   COMPRESSED   0x0000000c   Data   RW         5720    .data               thread.o
    0x20000298   COMPRESSED   0x00000014   Data   RW         5869    .data               timer.o
    0x200002ac   COMPRESSED   0x00000001   Data   RW         6417    .data               fal.o
    0x200002ad   COMPRESSED   0x00000001   Data   RW         6455    .data               fal_flash.o
    0x200002ae   COMPRESSED   0x00000002   PAD
    0x200002b0   COMPRESSED   0x0000000c   Data   RW         6496    .data               fal_partition.o
    0x200002bc   COMPRESSED   0x00000008   Data   RW         6572    .data               fal_rtt.o
    0x200002c4   COMPRESSED   0x00000018   Data   RW         7655    .data               shell.o
    0x200002dc   COMPRESSED   0x00000008   Data   RW         7800    .data               qboot.o
    0x200002e4   COMPRESSED   0x00000004   Data   RW         8028    .data               qboot_quicklz.o
    0x200002e8        -       0x00000020   Zero   RW         1002    .bss                stm32f4xx_hal_flash.o
    0x20000308        -       0x00000194   Zero   RW         2914    .bss                drv_spi.o
    0x2000049c        -       0x000000a0   Zero   RW         3038    .bss                drv_usart.o
    0x2000053c        -       0x000000ac   Zero   RW         3227    .bss                drv_lcd.o
    0x200005e8        -       0x00000044   Zero   RW         4007    .bss                pin.o
    0x2000062c        -       0x00000179   Zero   RW         4395    .bss                sfud.o
    0x200007a5   COMPRESSED   0x00000003   PAD
    0x200007a8        -       0x00000490   Zero   RW         4773    .bss                idle.o
    0x20000c38        -       0x00000080   Zero   RW         5163    .bss                kservice.o
    0x20000cb8        -       0x00000020   Zero   RW         5340    .bss                mem.o
    0x20000cd8        -       0x00000100   Zero   RW         5604    .bss                scheduler.o
    0x20000dd8        -       0x00000081   Zero   RW         7653    .bss                shell.o
    0x20000e59   COMPRESSED   0x00000003   PAD
    0x20000e5c        -       0x00002460   Zero   RW         7797    .bss                qboot.o
    0x200032bc        -       0x00000128   Zero   RW         7991    .bss                qboot_aes.o
    0x200033e4        -       0x00000060   Zero   RW         8131    .bss                c_w.l(libspace.o)
    0x20003444   COMPRESSED   0x00000004   PAD
    0x20003448        -       0x00000200   Zero   RW            2    HEAP                startup_stm32f407xx.o
    0x20003648        -       0x00000400   Zero   RW            1    STACK               startup_stm32f407xx.o


==============================================================================

Image component sizes


      Code (inc. data)   RO Data    RW Data    ZI Data      Debug   Object Name

         0          0          0          0          0        916   backtrace.o
       248         30          0          0          0       1637   board.o
       136         12          0          4          0       2458   clock.o
      3520       1240       1658          0          0      23630   cmd.o
       512        180         57          0          0       6243   completion.o
       218         50         36          0          0       6296   components.o
       308         28          0          0          0        848   context_rvds.o
      1512        746          0         16          0       7492   cpuport.o
        66          6       1024          0          0       1984   crc32.o
         0          0          0          0          0        648   crc8.o
         0          0          0          0          0       2524   dataqueue.o
      1238        602        186          0          0       8484   device.o
       198         26         39          0          0      41799   drv_common.o
      1196        314        168          0          0      13623   drv_flash_f4.o
      1772         58         92        196          0      13581   drv_gpio.o
     11800        252         20         20        172      19019   drv_lcd.o
      2376        500         97         48        404       9652   drv_spi.o
      1256        242        134         20        160      37710   drv_usart.o
       304        200          9          1          0       1420   fal.o
       484        220        144          1          0       2233   fal_flash.o
       532        252         17         60          0       9681   fal_flash_sfud_port.o
      2196       1118        968         12          0       7654   fal_partition.o
      2600       1044        875          8          0       9432   fal_rtt.o
       320         78         22          0       1168       5578   idle.o
      2356        652        647          0          0      33356   ipc.o
       140         26          0          9          0       2366   irq.o
      2104        236         34         12        128      15399   kservice.o
        56          0          0          0          0        539   main.o
      1982        750        346         32         32       7140   mem.o
       944        180        168          0          0       9648   msh.o
      1032        332        128        164          0      11058   object.o
       636        232        329          0         68       9495   pin.o
      8616       3874       1180          8       9312      36761   qboot.o
       144         74          0          0        296       2025   qboot_aes.o
        58         10          0          4          0       3551   qboot_quicklz.o
       666          6         64          0          0       8005   quicklz.o
      1054        250         78         28        256       7906   scheduler.o
      1996        412        295          4          0      11943   serial.o
      3996       1232        917          0        377      24081   sfud.o
      1558        418        319          0          0       6209   sfud_sfdp.o
      2412        320        139         24        129      16139   shell.o
         0          0          0          0          0        392   signal.o
       782        122        163          0          0       9446   spi_core.o
       624        248        129          0          0       6533   spi_dev.o
       100         32          4          0          0       7529   spi_flash_init.o
      4566       1748        989         12          0      17988   spi_flash_sfud.o
        64         26        392          0       1536        900   startup_stm32f407xx.o
       154         18          0          9          0       8885   stm32f4xx_hal.o
       448         34          0          0          0      36914   stm32f4xx_hal_cortex.o
      1264         16          8          0          0       6470   stm32f4xx_hal_dma.o
       652         64          0          0         32       6314   stm32f4xx_hal_flash.o
       432         26          0          0          0       3434   stm32f4xx_hal_flash_ex.o
       916         90          0          0          0       4516   stm32f4xx_hal_gpio.o
       836         92          0          8          0     710957   stm32f4xx_hal_msp.o
      1820         84          0          0          0       5856   stm32f4xx_hal_rcc.o
       800         46          0          0          0       2369   stm32f4xx_hal_rcc_ex.o
      3752         68          0          0          0      22759   stm32f4xx_hal_spi.o
        94          0          0          0          0       1284   stm32f4xx_hal_sram.o
      1236         22          0          0          0       8895   stm32f4xx_hal_uart.o
       254         10          0          0          0       4059   stm32f4xx_ll_fsmc.o
        20          6         24          4          0       1235   system_stm32f4xx.o
      2166        612        258         12          0      17809   thread.o
      1554        490         92         20          0      23111   timer.o
      3466         70       8744          0          0      15854   tiny_aes.o
         0          0          0          0          0       2568   waitqueue.o

    ----------------------------------------------------------------------
     88594      20126      21062        744      14076    1366240   Object Totals
         0          0         32          0          0          0   (incl. Generated)
        52          0         37          8          6          0   (incl. Padding)

    ----------------------------------------------------------------------

      Code (inc. data)   RO Data    RW Data    ZI Data      Debug   Library Member Name

        90          0          0          0          0          0   __dczerorl2.o
         8          0          0          0          0         68   __main.o
         0          0          0          0          0          0   __rtentry.o
        12          0          0          0          0          0   __rtentry2.o
         6          0          0          0          0          0   __rtentry4.o
        52          8          0          0          0          0   __scatter.o
        28          0          0          0          0          0   __scatter_zi.o
        28          0          0          0          0         68   _chval.o
       158          0          0          0          0         92   _strtoul.o
        16          0          0          0          0         68   aeabi_memset.o
        18          0          0          0          0         80   exit.o
         6          0          0          0          0        152   heapauxi.o
         0          0          0          0          0          0   indicate_semi.o
        44         10        272          0          0         76   lc_ctype_c.o
         2          0          0          0          0          0   libinit.o
        24          0          0          0          0          0   libinit2.o
         2          0          0          0          0          0   libshutdown.o
         2          0          0          0          0          0   libshutdown2.o
         8          4          0          0         96         68   libspace.o
       238          0          0          0          0        100   lludivv7m.o
        88          0          0          0          0         76   memcmp.o
        16          4          0          0          0         76   rt_ctype_table.o
         8          4          0          0          0         68   rt_errno_addr_intlibspace.o
         8          4          0          0          0         68   rt_locale_intlibspace.o
        68          0          0          0          0         68   rt_memclr.o
        78          0          0          0          0         80   rt_memclr_w.o
       138          0          0          0          0         68   rt_memcpy_v6.o
       100          0          0          0          0         80   rt_memcpy_w.o
         2          0          0          0          0          0   rtexit.o
        10          0          0          0          0          0   rtexit2.o
        24          0          0          0          0         68   strcat.o
       128          0          0          0          0         68   strcmpv7m.o
        72          0          0          0          0         80   strcpy.o
        62          0          0          0          0         76   strlen.o
       150          0          0          0          0         80   strncmp.o
        86          0          0          0          0         76   strncpy.o
       112          0          0          0          0         88   strtol.o
        12          4          0          0          0         68   sys_exit.o
        74          0          0          0          0         80   sys_stackheap_outer.o
         2          0          0          0          0         68   use_no_semi.o
        90          4          0          0          0        140   dfixu.o
        38          0          0          0          0        116   dflt_clz.o
       340         12          0          0          0        152   dmul.o
       156          4          0          0          0        140   dnaninf.o
        12          0          0          0          0        116   dretinf.o
        10          0          0          0          0        116   fpinit.o
         0          0          0          0          0          0   usenofp.o

    ----------------------------------------------------------------------
      2632         58        272          0        100       2888   Library Totals
         6          0          0          0          4          0   (incl. Padding)

    ----------------------------------------------------------------------

      Code (inc. data)   RO Data    RW Data    ZI Data      Debug   Library Name

      1980         38        272          0         96       2108   c_w.l
       646         20          0          0          0        780   fz_wm.l

    ----------------------------------------------------------------------
      2632         58        272          0        100       2888   Library Totals

    ----------------------------------------------------------------------

==============================================================================


      Code (inc. data)   RO Data    RW Data    ZI Data      Debug   

     91226      20184      21334        744      14176    1319532   Grand Totals
     91226      20184      21334        184      14176    1319532   ELF Image Totals (compressed)
     91226      20184      21334        184          0          0   ROM Totals

==============================================================================

    Total RO  Size (Code + RO Data)               112560 ( 109.92kB)
    Total RW  Size (RW Data + ZI Data)             14920 (  14.57kB)
    Total ROM Size (Code + RO Data + RW Data)     112744 ( 110.10kB)

==============================================================================

